MPLINK 4.37, Linker
Linker Map File - Created Mon Oct 17 23:52:00 2011

                                 Section Info
                  Section       Type    Address   Location Size(Bytes)
                ---------  ---------  ---------  ---------  ---------
               _entry_scn       code   0x000000    program   0x000006
    REMAPPED_RESET_VECTOR       code   0x000800    program   0x000006
REMAPPED_HIGH_INTERRUPT_VECTOR       code   0x000808    program   0x000006
REMAPPED_LOW_INTERRUPT_VECTOR       code   0x000818    program   0x000006
                   .cinit    romdata   0x00082a    program   0x00001a
       .code_usb_device.o       code   0x000844    program   0x001160
           .code_sdcard.o       code   0x0019a4    program   0x0005de
             .code_user.o       code   0x001f82    program   0x00050e
             .code_main.o       code   0x002490    program   0x000216
            .code_utils.o       code   0x0026a6    program   0x0001fa
.romdata_usb_descriptors.o    romdata   0x0028a0    program   0x0000c4
               _cinit_scn       code   0x002964    program   0x00009e
                   STRING       code   0x002a02    program   0x00007a
          .code_fxm3232.o       code   0x002a7c    program   0x000070
         .code_spi_open.o       code   0x002aec    program   0x000068
          .code_blinker.o       code   0x002b54    program   0x000050
         .code_fxd3232u.o       code   0x002ba4    program   0x000048
         .code_spi_writ.o       code   0x002bec    program   0x00003c
             D10KTCYXCODE       code   0x002c28    program   0x00002e
         .code_spi_read.o       code   0x002c56    program   0x00002e
         .code_fxd1616u.o       code   0x002c84    program   0x00002c
              D1KTCYXCODE       code   0x002cb0    program   0x000020
                    .code       code   0x002cd0    program   0x000020
          .romdata_user.o    romdata   0x002cf0    program   0x00001f
      .idata_fxd1616u.o_i    romdata   0x002d0f    program   0x000000
         .romdata_c018i.o    romdata   0x002d0f    program   0x000000
        .romdata_sdcard.o    romdata   0x002d0f    program   0x000000
      .romdata_fxd1616u.o    romdata   0x002d0f    program   0x000000
       .romdata_blinker.o    romdata   0x002d0f    program   0x000000
       .idata_blinker.o_i    romdata   0x002d0f    program   0x000000
      .idata_fxd3232u.o_i    romdata   0x002d0f    program   0x000000
      .romdata_fxd3232u.o    romdata   0x002d0f    program   0x000000
       .idata_fxm3232.o_i    romdata   0x002d0f    program   0x000000
       .romdata_fxm3232.o    romdata   0x002d0f    program   0x000000
      .idata_spi_open.o_i    romdata   0x002d0f    program   0x000000
      .romdata_spi_open.o    romdata   0x002d0f    program   0x000000
      .idata_spi_read.o_i    romdata   0x002d0f    program   0x000000
      .romdata_spi_read.o    romdata   0x002d0f    program   0x000000
      .idata_spi_writ.o_i    romdata   0x002d0f    program   0x000000
      .romdata_spi_writ.o    romdata   0x002d0f    program   0x000000
        .idata___init.o_i    romdata   0x002d0f    program   0x000000
        .romdata___init.o    romdata   0x002d0f    program   0x000000
         .idata_c018i.o_i    romdata   0x002d0f    program   0x000000
          .romdata_main.o    romdata   0x002d0f    program   0x000000
         .romdata_utils.o    romdata   0x002d0f    program   0x000000
         .idata_utils.o_i    romdata   0x002d0f    program   0x000000
    .idata_configbits.o_i    romdata   0x002d0f    program   0x000000
    .romdata_configbits.o    romdata   0x002d0f    program   0x000000
.idata_usb_descriptors.o_i    romdata   0x002d0f    program   0x000000
          .idata_main.o_i    romdata   0x002d0f    program   0x000000
             .stringtable    romdata   0x002d0f    program   0x000000
    .idata_usb_device.o_i    romdata   0x002d0f    program   0x000000
.romdata_usb_function_generic.o    romdata   0x002d0f    program   0x000000
.idata_usb_function_generic.o_i    romdata   0x002d0f    program   0x000000
    .romdata_usb_device.o    romdata   0x002d0f    program   0x000000
       .code_configbits.o       code   0x002d10    program   0x000000
            .code_c018i.o       code   0x002d10    program   0x000000
.code_usb_function_generic.o       code   0x002d10    program   0x000000
  .code_usb_descriptors.o       code   0x002d10    program   0x000000
             _startup_scn       code   0x002d10    program   0x00001c
             D100TCYXCODE       code   0x002d2c    program   0x00001c
              D10TCYXCODE       code   0x002d48    program   0x000016
           .code___init.o       code   0x002d5e    program   0x000002
          .idata_user.o_i    romdata   0x002d60    program   0x00000b
        .idata_sdcard.o_i    romdata   0x002d6b    program   0x000007
.config_300000_configbits.o    romdata   0x300000    program   0x000001
.config_300001_configbits.o    romdata   0x300001    program   0x000001
.config_300002_configbits.o    romdata   0x300002    program   0x000001
.config_300003_configbits.o    romdata   0x300003    program   0x000001
.config_300005_configbits.o    romdata   0x300005    program   0x000001
.config_300006_configbits.o    romdata   0x300006    program   0x000001
.config_300008_configbits.o    romdata   0x300008    program   0x000001
.config_300009_configbits.o    romdata   0x300009    program   0x000001
.config_30000a_configbits.o    romdata   0x30000a    program   0x000001
.config_30000b_configbits.o    romdata   0x30000b    program   0x000001
.config_30000c_configbits.o    romdata   0x30000c    program   0x000001
.config_30000d_configbits.o    romdata   0x30000d    program   0x000001
                MATH_DATA      udata   0x000000       data   0x000010
                my_access      udata   0x000010       data   0x000009
                 .tmpdata      udata   0x000019       data   0x000009
                DELAYDAT2      udata   0x000022       data   0x000001
                DELAYDAT1      udata   0x000023       data   0x000001
      .udata_usb_device.o      udata   0x000060       data   0x000026
            .idata_user.o      idata   0x000086       data   0x00000b
           .udata_c018i.o      udata   0x000091       data   0x00000a
          .udata_sdcard.o      udata   0x00009b       data   0x000009
          .idata_sdcard.o      idata   0x0000a4       data   0x000007
            .udata_user.o      udata   0x0000ab       data   0x000004
            .udata_main.o      udata   0x0000af       data   0x000002
         .udata_blinker.o      udata   0x0000b1       data   0x000002
          .idata___init.o      idata   0x0000b3       data   0x000000
        .udata_fxd1616u.o      udata   0x0000b3       data   0x000000
        .idata_fxd1616u.o      idata   0x0000b3       data   0x000000
        .udata_fxd3232u.o      udata   0x0000b3       data   0x000000
        .idata_fxd3232u.o      idata   0x0000b3       data   0x000000
         .udata_fxm3232.o      udata   0x0000b3       data   0x000000
         .idata_fxm3232.o      idata   0x0000b3       data   0x000000
        .udata_spi_open.o      udata   0x0000b3       data   0x000000
        .idata_spi_open.o      idata   0x0000b3       data   0x000000
        .udata_spi_read.o      udata   0x0000b3       data   0x000000
        .idata_spi_read.o      idata   0x0000b3       data   0x000000
        .udata_spi_writ.o      udata   0x0000b3       data   0x000000
        .idata_spi_writ.o      idata   0x0000b3       data   0x000000
          .udata___init.o      udata   0x0000b3       data   0x000000
           .idata_c018i.o      idata   0x0000b3       data   0x000000
         .idata_blinker.o      idata   0x0000b3       data   0x000000
           .idata_utils.o      idata   0x0000b3       data   0x000000
           .udata_utils.o      udata   0x0000b3       data   0x000000
 .idata_usb_descriptors.o      idata   0x0000b3       data   0x000000
 .udata_usb_descriptors.o      udata   0x0000b3       data   0x000000
.idata_usb_function_generic.o      idata   0x0000b3       data   0x000000
.udata_usb_function_generic.o      udata   0x0000b3       data   0x000000
            .idata_main.o      idata   0x0000b3       data   0x000000
      .idata_usb_device.o      idata   0x0000b3       data   0x000000
      .udata_configbits.o      udata   0x0000b3       data   0x000000
      .idata_configbits.o      idata   0x0000b3       data   0x000000
                   .stack      udata   0x000100       data   0x000040
                  USB_BDT      udata   0x000200       data   0x000030
                  usbram2      udata   0x000230       data   0x000080
              SFR_BANKED0      udata   0x000f53       data   0x00000d
            SFR_UNBANKED0      udata   0x000f60       data   0x0000a0



                              Program Memory Usage 
                               Start         End      
                           ---------   ---------      
                            0x000000    0x000005      
                            0x000800    0x000805      
                            0x000808    0x00080d      
                            0x000818    0x00081d      
                            0x00082a    0x002d0e      
                            0x002d10    0x002d71      
                            0x300000    0x300003      
                            0x300005    0x300006      
                            0x300008    0x30000d      
            9579 out of 16664 program addresses used, program memory utilization is 57%



                              Symbols - Sorted by Name
                     Name    Address   Location    Storage File                     
                ---------  ---------  ---------  --------- ---------                
                  Blinker   0x002b68    program     extern C:\xesscorp\PRODUCTS\XuDL\firmware\XuDL_user\blinker.c
                  CloseSd   0x001f74    program     extern C:\xesscorp\PRODUCTS\XuDL\firmware\XuDL_user\sdcard.c
                   D100_1   0x002d3a    program     static C:\MCC18\src\traditional\delays\d100tcyx.asm
                    D100x   0x002d38    program     static C:\MCC18\src\traditional\delays\d100tcyx.asm
                   D10K_1   0x002c34    program     static C:\MCC18\src\traditional\delays\d10ktcyx.asm
                    D10Kl   0x002c40    program     static C:\MCC18\src\traditional\delays\d10ktcyx.asm
                    D10Kx   0x002c32    program     static C:\MCC18\src\traditional\delays\d10ktcyx.asm
                    D10_1   0x002d58    program     static C:\MCC18\src\traditional\delays\d10tcyx.asm
                     D10x   0x002d50    program     static C:\MCC18\src\traditional\delays\d10tcyx.asm
                    D1K_1   0x002cbc    program     static C:\MCC18\src\traditional\delays\d1ktcyx.asm
                     D1Kx   0x002cba    program     static C:\MCC18\src\traditional\delays\d1ktcyx.asm
             Delay100TCYx   0x002d2c    program     extern C:\MCC18\src\traditional\delays\d100tcyx.asm
             Delay10KTCYx   0x002c28    program     extern C:\MCC18\src\traditional\delays\d10ktcyx.asm
              Delay10TCYx   0x002d48    program     extern C:\MCC18\src\traditional\delays\d10tcyx.asm
              Delay1KTCYx   0x002cb0    program     extern C:\MCC18\src\traditional\delays\d1ktcyx.asm
                 FXD1616U   0x002c84    program     extern C:\MCC18\src\traditional\math\fxd1616u.c
                 FXD3232U   0x002ba4    program     extern C:\MCC18\src\traditional\math\fxd3232u.c
                  FXM3232   0x002a7c    program     extern C:\MCC18\src\traditional\math\fxm3232.c
          GetSdParameters   0x001b32    program     extern C:\xesscorp\PRODUCTS\XuDL\firmware\XuDL_user\sdcard.c
              InitBlinker   0x002b54    program     extern C:\xesscorp\PRODUCTS\XuDL\firmware\XuDL_user\blinker.c
                   InitSd   0x001d12    program     extern C:\xesscorp\PRODUCTS\XuDL\firmware\XuDL_user\sdcard.c
         InitializeSystem   0x0025de    program     static C:\xesscorp\PRODUCTS\XuDL\firmware\XuDL_user\main.c
                  OpenSPI   0x002aec    program     extern C:\MCC18\src\pmc_common\SPI\spi_open.c
                   OpenSd   0x001dfe    program     extern C:\xesscorp\PRODUCTS\XuDL\firmware\XuDL_user\sdcard.c
          PrepSdForDataIo   0x001a86    program     extern C:\xesscorp\PRODUCTS\XuDL\firmware\XuDL_user\sdcard.c
                ProcessIO   0x002076    program     extern C:\xesscorp\PRODUCTS\XuDL\firmware\XuDL_user\user.c
               ReadEeprom   0x001f82    program     extern C:\xesscorp\PRODUCTS\XuDL\firmware\XuDL_user\user.c
                  ReadSPI   0x002c56    program     extern C:\MCC18\src\pmc_common\SPI\spi_read.c
                   ReadSd   0x001f64    program     extern C:\xesscorp\PRODUCTS\XuDL\firmware\XuDL_user\sdcard.c
        Remapped_High_ISR   0x000808    program     extern C:\xesscorp\PRODUCTS\XuDL\firmware\XuDL_user\main.c
         Remapped_Low_ISR   0x000818    program     extern C:\xesscorp\PRODUCTS\XuDL\firmware\XuDL_user\main.c
                SendSdCmd   0x0019a4    program     extern C:\xesscorp\PRODUCTS\XuDL\firmware\XuDL_user\sdcard.c
          ServiceRequests   0x002098    program     extern C:\xesscorp\PRODUCTS\XuDL\firmware\XuDL_user\user.c
       USBCBCheckOtherReq   0x0025ee    program     extern C:\xesscorp\PRODUCTS\XuDL\firmware\XuDL_user\main.c
        USBCBErrorHandler   0x0025ec    program     extern C:\xesscorp\PRODUCTS\XuDL\firmware\XuDL_user\main.c
              USBCBInitEP   0x002006    program     extern C:\xesscorp\PRODUCTS\XuDL\firmware\XuDL_user\user.c
          USBCBSendResume   0x0025f2    program     extern C:\xesscorp\PRODUCTS\XuDL\firmware\XuDL_user\main.c
    USBCBStdSetDscHandler   0x0025f0    program     extern C:\xesscorp\PRODUCTS\XuDL\firmware\XuDL_user\main.c
             USBCBSuspend   0x0025e6    program     extern C:\xesscorp\PRODUCTS\XuDL\firmware\XuDL_user\main.c
     USBCBWakeFromSuspend   0x0025e8    program     extern C:\xesscorp\PRODUCTS\XuDL\firmware\XuDL_user\main.c
        USBCB_SOF_Handler   0x0025ea    program     extern C:\xesscorp\PRODUCTS\XuDL\firmware\XuDL_user\main.c
              USBCancelIO   0x0018b8    program     extern C:\Microchip Solutions v2010-08-04\Microchip\USB\usb_device.c
       USBCheckStdRequest   0x000d62    program     extern C:\Microchip Solutions v2010-08-04\Microchip\USB\usb_device.c
     USBConfigureEndpoint   0x001592    program     extern C:\Microchip Solutions v2010-08-04\Microchip\USB\usb_device.c
         USBCtrlEPService   0x000af0    program     extern C:\Microchip Solutions v2010-08-04\Microchip\USB\usb_device.c
 USBCtrlEPServiceComplete   0x0010c4    program     extern C:\Microchip Solutions v2010-08-04\Microchip\USB\usb_device.c
      USBCtrlTrfInHandler   0x000c5c    program     extern C:\Microchip Solutions v2010-08-04\Microchip\USB\usb_device.c
     USBCtrlTrfOutHandler   0x000c10    program     extern C:\Microchip Solutions v2010-08-04\Microchip\USB\usb_device.c
      USBCtrlTrfRxService   0x001384    program     extern C:\Microchip Solutions v2010-08-04\Microchip\USB\usb_device.c
   USBCtrlTrfSetupHandler   0x000bca    program     extern C:\Microchip Solutions v2010-08-04\Microchip\USB\usb_device.c
      USBCtrlTrfTxService   0x00126e    program     extern C:\Microchip Solutions v2010-08-04\Microchip\USB\usb_device.c
          USBDeviceAttach   0x001974    program     extern C:\Microchip Solutions v2010-08-04\Microchip\USB\usb_device.c
          USBDeviceDetach   0x001968    program     extern C:\Microchip Solutions v2010-08-04\Microchip\USB\usb_device.c
            USBDeviceInit   0x000844    program     extern C:\Microchip Solutions v2010-08-04\Microchip\USB\usb_device.c
           USBDeviceTasks   0x000920    program     extern C:\Microchip Solutions v2010-08-04\Microchip\USB\usb_device.c
        USBEnableEndpoint   0x001666    program     extern C:\Microchip Solutions v2010-08-04\Microchip\USB\usb_device.c
USBPrepareForNextSetupTrf   0x000cfc    program     extern C:\Microchip Solutions v2010-08-04\Microchip\USB\usb_device.c
         USBStallEndpoint   0x0016d2    program     extern C:\Microchip Solutions v2010-08-04\Microchip\USB\usb_device.c
          USBStallHandler   0x000a6e    program     extern C:\Microchip Solutions v2010-08-04\Microchip\USB\usb_device.c
  USBStdFeatureReqHandler   0x000e2a    program     extern C:\Microchip Solutions v2010-08-04\Microchip\USB\usb_device.c
      USBStdGetDscHandler   0x000f42    program     extern C:\Microchip Solutions v2010-08-04\Microchip\USB\usb_device.c
   USBStdGetStatusHandler   0x001002    program     extern C:\Microchip Solutions v2010-08-04\Microchip\USB\usb_device.c
      USBStdSetCfgHandler   0x0014be    program     extern C:\Microchip Solutions v2010-08-04\Microchip\USB\usb_device.c
               USBSuspend   0x000aa2    program     extern C:\Microchip Solutions v2010-08-04\Microchip\USB\usb_device.c
     USBTransferOnePacket   0x0017b2    program     extern C:\Microchip Solutions v2010-08-04\Microchip\USB\usb_device.c
       USBWakeFromSuspend   0x000ac6    program     extern C:\Microchip Solutions v2010-08-04\Microchip\USB\usb_device.c
               USB_CD_Ptr   0x00295c    program     extern C:\xesscorp\PRODUCTS\XuDL\firmware\XuDL_user\usb_descriptors.c
               USB_SD_Ptr   0x00295e    program     extern C:\xesscorp\PRODUCTS\XuDL\firmware\XuDL_user\usb_descriptors.c
USER_USB_CALLBACK_EVENT_HANDLER   0x00260e    program     extern C:\xesscorp\PRODUCTS\XuDL\firmware\XuDL_user\main.c
                 UserInit   0x001fce    program     extern C:\xesscorp\PRODUCTS\XuDL\firmware\XuDL_user\user.c
              WriteEeprom   0x001fa0    program     extern C:\xesscorp\PRODUCTS\XuDL\firmware\XuDL_user\user.c
                 WriteSPI   0x002bec    program     extern C:\MCC18\src\pmc_common\SPI\spi_writ.c
                  WriteSd   0x001f54    program     extern C:\xesscorp\PRODUCTS\XuDL\firmware\XuDL_user\sdcard.c
  YourHighPriorityISRCode   0x002490    program     extern C:\xesscorp\PRODUCTS\XuDL\firmware\XuDL_user\main.c
   YourLowPriorityISRCode   0x002526    program     extern C:\xesscorp\PRODUCTS\XuDL\firmware\XuDL_user\main.c
              _2jContinue   0x002a68    program     static C:\MCC18\src\traditional\stdclib\memset.asm
              _3jContinue   0x002a34    program     static C:\MCC18\src\traditional\stdclib\mcpyp2r.asm
                   _3jEnd   0x002a72    program     static C:\MCC18\src\traditional\stdclib\memset.asm
                   _4jEnd   0x002a3e    program     static C:\MCC18\src\traditional\stdclib\mcpyp2r.asm
       _D100TCYXCODE_0008   0x002d34    program     static C:\MCC18\src\traditional\delays\d100tcyx.asm
       _D100TCYXCODE_0012   0x002d3e    program     static C:\MCC18\src\traditional\delays\d100tcyx.asm
       _D100TCYXCODE_0018   0x002d44    program     static C:\MCC18\src\traditional\delays\d100tcyx.asm
       _D10KTCYXCODE_0010   0x002c38    program     static C:\MCC18\src\traditional\delays\d10ktcyx.asm
       _D10KTCYXCODE_001C   0x002c44    program     static C:\MCC18\src\traditional\delays\d10ktcyx.asm
        _D10TCYXCODE_000A   0x002d52    program     static C:\MCC18\src\traditional\delays\d10tcyx.asm
        _D10TCYXCODE_000C   0x002d54    program     static C:\MCC18\src\traditional\delays\d10tcyx.asm
        _D10TCYXCODE_000E   0x002d56    program     static C:\MCC18\src\traditional\delays\d10tcyx.asm
        _D1KTCYXCODE_0010   0x002cc0    program     static C:\MCC18\src\traditional\delays\d1ktcyx.asm
        _D1KTCYXCODE_0016   0x002cc6    program     static C:\MCC18\src\traditional\delays\d1ktcyx.asm
           ___?:_lbl00010   0x0020ea    program     static                          
           ___?:_lbl00011   0x0020c4    program     static                          
           ___?:_lbl00030   0x00245c    program     static                          
           ___?:_lbl00031   0x002436    program     static                          
     ___case_114_lbl00028   0x002694    program     static                          
     ___case_115_lbl00024   0x002684    program     static                          
     ___case_116_lbl00026   0x00268c    program     static                          
     ___case_117_lbl00025   0x002688    program     static                          
       ___case_1_lbl00021   0x002676    program     static                          
     ___case_255_lbl00023   0x00233a    program     static                          
       ___case_2_lbl00022   0x00267c    program     static                          
   ___case_32767_lbl00027   0x002690    program     static                          
       ___case_3_lbl00023   0x002680    program     static                          
      ___case_49_lbl00013   0x002166    program     static                          
       ___case_4_lbl00015   0x00223e    program     static                          
       ___case_5_lbl00019   0x0022be    program     static                          
      ___case_64_lbl00014   0x002180    program     static                          
      ___default_lbl00027   0x002366    program     static                          
      ___default_lbl00029   0x002698    program     static                          
          ___for_lbl00016   0x0022b2    program     static                          
          ___for_lbl00017   0x0022b6    program     static                          
          ___for_lbl00018   0x00225a    program     static                          
          ___for_lbl00020   0x002330    program     static                          
          ___for_lbl00021   0x002334    program     static                          
          ___for_lbl00022   0x0022da    program     static                          
          ___for_lbl00024   0x002356    program     static                          
          ___for_lbl00025   0x002362    program     static                          
          ___for_lbl00026   0x00234c    program     static                          
           ___if_lbl00032   0x00247c    program     static                          
           ___if_lbl00033   0x00247c    program     static                          
       ___return_lbl00000   0x000804    program     static                          
       ___return_lbl00000   0x002cae    program     static                          
       ___return_lbl00000   0x002aea    program     static                          
       ___return_lbl00000   0x002bea    program     static                          
       ___return_lbl00000   0x000004    program     static                          
       ___return_lbl00001   0x002d2a    program     static                          
       ___return_lbl00002   0x002a00    program     static                          
       ___return_lbl00002   0x00080c    program     static                          
       ___return_lbl00004   0x00081c    program     static                          
       ___return_lbl00009   0x00247c    program     static                          
       ___return_lbl00019   0x00269e    program     static                          
   ___switchexit_lbl00012   0x00236a    program     static                          
   ___switchexit_lbl00020   0x00269a    program     static                          
        ___while_lbl00028   0x002416    program     static                          
        ___while_lbl00029   0x002462    program     static                          
               __config_0   0x300000    program     static C:\xesscorp\PRODUCTS\XuDL\firmware\XuDL_user\configbits.c
               __config_1   0x300001    program     static C:\xesscorp\PRODUCTS\XuDL\firmware\XuDL_user\configbits.c
              __config_10   0x30000c    program     static C:\xesscorp\PRODUCTS\XuDL\firmware\XuDL_user\configbits.c
              __config_11   0x30000d    program     static C:\xesscorp\PRODUCTS\XuDL\firmware\XuDL_user\configbits.c
               __config_2   0x300002    program     static C:\xesscorp\PRODUCTS\XuDL\firmware\XuDL_user\configbits.c
               __config_3   0x300003    program     static C:\xesscorp\PRODUCTS\XuDL\firmware\XuDL_user\configbits.c
               __config_4   0x300005    program     static C:\xesscorp\PRODUCTS\XuDL\firmware\XuDL_user\configbits.c
               __config_5   0x300006    program     static C:\xesscorp\PRODUCTS\XuDL\firmware\XuDL_user\configbits.c
               __config_6   0x300008    program     static C:\xesscorp\PRODUCTS\XuDL\firmware\XuDL_user\configbits.c
               __config_7   0x300009    program     static C:\xesscorp\PRODUCTS\XuDL\firmware\XuDL_user\configbits.c
               __config_8   0x30000a    program     static C:\xesscorp\PRODUCTS\XuDL\firmware\XuDL_user\configbits.c
               __config_9   0x30000b    program     static C:\xesscorp\PRODUCTS\XuDL\firmware\XuDL_user\configbits.c
                   __init   0x002d5e    program     extern C:\MCC18\src\traditional\stdclib\__init.c
               __tmplbl_0   0x00262a    program     static                          
               __tmplbl_1   0x002636    program     static                          
               __tmplbl_2   0x002640    program     static                          
               __tmplbl_3   0x00264a    program     static                          
               __tmplbl_4   0x002654    program     static                          
               __tmplbl_5   0x00265e    program     static                          
               __tmplbl_6   0x002668    program     static                          
               __tmplbl_7   0x002672    program     static                          
            __zero_memory   0x002cd0    program     extern C:\MCC18\src\traditional\proc\p18F14K50.asm
                _do_cinit   0x002964    program     extern C:\MCC18\src\traditional\startup\c018i.c
                   _entry   0x000000    program     extern C:\MCC18\src\traditional\startup\c018i.c
                   _false   0x002be6    program     static                          
                   _reset   0x000800    program     extern C:\xesscorp\PRODUCTS\XuDL\firmware\XuDL_user\main.c
                 _startup   0x002d10    program     extern C:\MCC18\src\traditional\startup\c018i.c
                compare_l   0x002ce6    program     static C:\MCC18\src\traditional\proc\p18F14K50.asm
        configDescriptor1   0x0028b2    program     extern C:\xesscorp\PRODUCTS\XuDL\firmware\XuDL_user\usb_descriptors.c
                copy_loop   0x0029d6    program     static                          
            copy_one_byte   0x0029dc    program     static                          
               device_dsc   0x0028a0    program     extern C:\xesscorp\PRODUCTS\XuDL\firmware\XuDL_user\usb_descriptors.c
              device_info   0x002cf0    program     static C:\xesscorp\PRODUCTS\XuDL\firmware\XuDL_user\user.c
                     done   0x002a00    program     static                          
             done_copying   0x0029ea    program     static                          
                  endloop   0x002caa    program     static                          
             insert_delay   0x0026a6    program     extern C:\xesscorp\PRODUCTS\XuDL\firmware\XuDL_user\utils.c
                     jEnd   0x002a46    program     static C:\MCC18\src\traditional\stdclib\mcpyp2r.asm
                     jEnd   0x002a7a    program     static C:\MCC18\src\traditional\stdclib\memset.asm
                    jLoop   0x002a5c    program     static C:\MCC18\src\traditional\stdclib\memset.asm
                    jLoop   0x002a28    program     static C:\MCC18\src\traditional\stdclib\mcpyp2r.asm
                     loop   0x002bb2    program     static                          
                     loop   0x002d20    program     static                          
                     loop   0x002c8e    program     static                          
                   loop_h   0x002cde    program     static C:\MCC18\src\traditional\proc\p18F14K50.asm
                   loop_l   0x002ce8    program     static C:\MCC18\src\traditional\proc\p18F14K50.asm
                     main   0x0025d0    program     extern C:\xesscorp\PRODUCTS\XuDL\firmware\XuDL_user\main.c
            memcpypgm2ram   0x002a02    program     extern C:\MCC18\src\traditional\stdclib\mcpyp2r.asm
                   memset   0x002a48    program     extern C:\MCC18\src\traditional\stdclib\memset.asm
                    sd000   0x0028d2    program     extern C:\xesscorp\PRODUCTS\XuDL\firmware\XuDL_user\usb_descriptors.c
                    sd001   0x0028d6    program     extern C:\xesscorp\PRODUCTS\XuDL\firmware\XuDL_user\usb_descriptors.c
                    sd002   0x002920    program     extern C:\xesscorp\PRODUCTS\XuDL\firmware\XuDL_user\usb_descriptors.c
                     test   0x00297e    program     static                          
               zero_block   0x002cde    program     static C:\MCC18\src\traditional\proc\p18F14K50.asm
                   ADCON0   0x000fc2       data     extern C:\MCC18\src\traditional\proc\p18F14K50.asm
               ADCON0bits   0x000fc2       data     extern C:\MCC18\src\traditional\proc\p18F14K50.asm
                   ADCON1   0x000fc1       data     extern C:\MCC18\src\traditional\proc\p18F14K50.asm
               ADCON1bits   0x000fc1       data     extern C:\MCC18\src\traditional\proc\p18F14K50.asm
                   ADCON2   0x000fc0       data     extern C:\MCC18\src\traditional\proc\p18F14K50.asm
               ADCON2bits   0x000fc0       data     extern C:\MCC18\src\traditional\proc\p18F14K50.asm
                    ADRES   0x000fc3       data     extern C:\MCC18\src\traditional\proc\p18F14K50.asm
                   ADRESH   0x000fc4       data     extern C:\MCC18\src\traditional\proc\p18F14K50.asm
                   ADRESL   0x000fc3       data     extern C:\MCC18\src\traditional\proc\p18F14K50.asm
                    ANSEL   0x000f7e       data     extern C:\MCC18\src\traditional\proc\p18F14K50.asm
                   ANSELH   0x000f7f       data     extern C:\MCC18\src\traditional\proc\p18F14K50.asm
               ANSELHbits   0x000f7f       data     extern C:\MCC18\src\traditional\proc\p18F14K50.asm
                ANSELbits   0x000f7e       data     extern C:\MCC18\src\traditional\proc\p18F14K50.asm
                  BAUDCON   0x000fb8       data     extern C:\MCC18\src\traditional\proc\p18F14K50.asm
              BAUDCONbits   0x000fb8       data     extern C:\MCC18\src\traditional\proc\p18F14K50.asm
                  BAUDCTL   0x000fb8       data     extern C:\MCC18\src\traditional\proc\p18F14K50.asm
              BAUDCTLbits   0x000fb8       data     extern C:\MCC18\src\traditional\proc\p18F14K50.asm
                      BDT   0x000200       data     extern C:\Microchip Solutions v2010-08-04\Microchip\USB\usb_device.c
                      BSR   0x000fe0       data     extern C:\MCC18\src\traditional\proc\p18F14K50.asm
       BothEP0OutUOWNsSet   0x000081       data     extern C:\Microchip Solutions v2010-08-04\Microchip\USB\usb_device.c
                  CCP1CON   0x000fbd       data     extern C:\MCC18\src\traditional\proc\p18F14K50.asm
              CCP1CONbits   0x000fbd       data     extern C:\MCC18\src\traditional\proc\p18F14K50.asm
                    CCPR1   0x000fbe       data     extern C:\MCC18\src\traditional\proc\p18F14K50.asm
                   CCPR1H   0x000fbf       data     extern C:\MCC18\src\traditional\proc\p18F14K50.asm
                   CCPR1L   0x000fbe       data     extern C:\MCC18\src\traditional\proc\p18F14K50.asm
                  CM1CON0   0x000f6d       data     extern C:\MCC18\src\traditional\proc\p18F14K50.asm
              CM1CON0bits   0x000f6d       data     extern C:\MCC18\src\traditional\proc\p18F14K50.asm
                  CM2CON0   0x000f6b       data     extern C:\MCC18\src\traditional\proc\p18F14K50.asm
              CM2CON0bits   0x000f6b       data     extern C:\MCC18\src\traditional\proc\p18F14K50.asm
                  CM2CON1   0x000f6c       data     extern C:\MCC18\src\traditional\proc\p18F14K50.asm
              CM2CON1bits   0x000f6c       data     extern C:\MCC18\src\traditional\proc\p18F14K50.asm
              CtrlTrfData   0x000228       data     extern C:\Microchip Solutions v2010-08-04\Microchip\USB\usb_device.c
                     DDRA   0x000f92       data     extern C:\MCC18\src\traditional\proc\p18F14K50.asm
                 DDRAbits   0x000f92       data     extern C:\MCC18\src\traditional\proc\p18F14K50.asm
                     DDRB   0x000f93       data     extern C:\MCC18\src\traditional\proc\p18F14K50.asm
                 DDRBbits   0x000f93       data     extern C:\MCC18\src\traditional\proc\p18F14K50.asm
                     DDRC   0x000f94       data     extern C:\MCC18\src\traditional\proc\p18F14K50.asm
                 DDRCbits   0x000f94       data     extern C:\MCC18\src\traditional\proc\p18F14K50.asm
            DelayCounter1   0x000023       data     extern C:\MCC18\src\traditional\delays\delayd1.asm
            DelayCounter2   0x000022       data     extern C:\MCC18\src\traditional\delays\delayd2.asm
                  ECCP1AS   0x000fb6       data     extern C:\MCC18\src\traditional\proc\p18F14K50.asm
              ECCP1ASbits   0x000fb6       data     extern C:\MCC18\src\traditional\proc\p18F14K50.asm
                    EEADR   0x000fa9       data     extern C:\MCC18\src\traditional\proc\p18F14K50.asm
                   EEADRH   0x000faa       data     extern C:\MCC18\src\traditional\proc\p18F14K50.asm
               EEADRHbits   0x000faa       data     extern C:\MCC18\src\traditional\proc\p18F14K50.asm
                EEADRbits   0x000fa9       data     extern C:\MCC18\src\traditional\proc\p18F14K50.asm
                   EECON1   0x000fa6       data     extern C:\MCC18\src\traditional\proc\p18F14K50.asm
               EECON1bits   0x000fa6       data     extern C:\MCC18\src\traditional\proc\p18F14K50.asm
                   EECON2   0x000fa7       data     extern C:\MCC18\src\traditional\proc\p18F14K50.asm
                   EEDATA   0x000fa8       data     extern C:\MCC18\src\traditional\proc\p18F14K50.asm
                     FSR0   0x000fe9       data     extern C:\MCC18\src\traditional\proc\p18F14K50.asm
                    FSR0H   0x000fea       data     extern C:\MCC18\src\traditional\proc\p18F14K50.asm
                    FSR0L   0x000fe9       data     extern C:\MCC18\src\traditional\proc\p18F14K50.asm
                     FSR1   0x000fe1       data     extern C:\MCC18\src\traditional\proc\p18F14K50.asm
                    FSR1H   0x000fe2       data     extern C:\MCC18\src\traditional\proc\p18F14K50.asm
                    FSR1L   0x000fe1       data     extern C:\MCC18\src\traditional\proc\p18F14K50.asm
                     FSR2   0x000fd9       data     extern C:\MCC18\src\traditional\proc\p18F14K50.asm
                    FSR2H   0x000fda       data     extern C:\MCC18\src\traditional\proc\p18F14K50.asm
                    FSR2L   0x000fd9       data     extern C:\MCC18\src\traditional\proc\p18F14K50.asm
                    INDF0   0x000fef       data     extern C:\MCC18\src\traditional\proc\p18F14K50.asm
                    INDF1   0x000fe7       data     extern C:\MCC18\src\traditional\proc\p18F14K50.asm
                    INDF2   0x000fdf       data     extern C:\MCC18\src\traditional\proc\p18F14K50.asm
                   INTCON   0x000ff2       data     extern C:\MCC18\src\traditional\proc\p18F14K50.asm
                  INTCON2   0x000ff1       data     extern C:\MCC18\src\traditional\proc\p18F14K50.asm
              INTCON2bits   0x000ff1       data     extern C:\MCC18\src\traditional\proc\p18F14K50.asm
                  INTCON3   0x000ff0       data     extern C:\MCC18\src\traditional\proc\p18F14K50.asm
              INTCON3bits   0x000ff0       data     extern C:\MCC18\src\traditional\proc\p18F14K50.asm
               INTCONbits   0x000ff2       data     extern C:\MCC18\src\traditional\proc\p18F14K50.asm
                     IOCA   0x000f79       data     extern C:\MCC18\src\traditional\proc\p18F14K50.asm
                 IOCAbits   0x000f79       data     extern C:\MCC18\src\traditional\proc\p18F14K50.asm
                     IOCB   0x000f7a       data     extern C:\MCC18\src\traditional\proc\p18F14K50.asm
                 IOCBbits   0x000f7a       data     extern C:\MCC18\src\traditional\proc\p18F14K50.asm
                     IPR1   0x000f9f       data     extern C:\MCC18\src\traditional\proc\p18F14K50.asm
                 IPR1bits   0x000f9f       data     extern C:\MCC18\src\traditional\proc\p18F14K50.asm
                     IPR2   0x000fa2       data     extern C:\MCC18\src\traditional\proc\p18F14K50.asm
                 IPR2bits   0x000fa2       data     extern C:\MCC18\src\traditional\proc\p18F14K50.asm
                 InBuffer   0x000230       data     static C:\xesscorp\PRODUCTS\XuDL\firmware\XuDL_user\user.c
                 InHandle   0x00008c       data     static C:\xesscorp\PRODUCTS\XuDL\firmware\XuDL_user\user.c
                  InIndex   0x000090       data     static C:\xesscorp\PRODUCTS\XuDL\firmware\XuDL_user\user.c
                 InPacket   0x0000ad       data     static C:\xesscorp\PRODUCTS\XuDL\firmware\XuDL_user\user.c
                     LATA   0x000f89       data     extern C:\MCC18\src\traditional\proc\p18F14K50.asm
                 LATAbits   0x000f89       data     extern C:\MCC18\src\traditional\proc\p18F14K50.asm
                     LATB   0x000f8a       data     extern C:\MCC18\src\traditional\proc\p18F14K50.asm
                 LATBbits   0x000f8a       data     extern C:\MCC18\src\traditional\proc\p18F14K50.asm
                     LATC   0x000f8b       data     extern C:\MCC18\src\traditional\proc\p18F14K50.asm
                 LATCbits   0x000f8b       data     extern C:\MCC18\src\traditional\proc\p18F14K50.asm
                   OSCCON   0x000fd3       data     extern C:\MCC18\src\traditional\proc\p18F14K50.asm
                  OSCCON2   0x000fd2       data     extern C:\MCC18\src\traditional\proc\p18F14K50.asm
              OSCCON2bits   0x000fd2       data     extern C:\MCC18\src\traditional\proc\p18F14K50.asm
               OSCCONbits   0x000fd3       data     extern C:\MCC18\src\traditional\proc\p18F14K50.asm
                  OSCTUNE   0x000f9b       data     extern C:\MCC18\src\traditional\proc\p18F14K50.asm
              OSCTUNEbits   0x000f9b       data     extern C:\MCC18\src\traditional\proc\p18F14K50.asm
                OutBuffer   0x000270       data     static C:\xesscorp\PRODUCTS\XuDL\firmware\XuDL_user\user.c
                OutHandle   0x000086       data     static C:\xesscorp\PRODUCTS\XuDL\firmware\XuDL_user\user.c
                 OutIndex   0x00008a       data     static C:\xesscorp\PRODUCTS\XuDL\firmware\XuDL_user\user.c
                OutPacket   0x0000ab       data     static C:\xesscorp\PRODUCTS\XuDL\firmware\XuDL_user\user.c
          OutPacketLength   0x00008b       data     static C:\xesscorp\PRODUCTS\XuDL\firmware\XuDL_user\user.c
                       PC   0x000ff9       data     extern C:\MCC18\src\traditional\proc\p18F14K50.asm
                      PCL   0x000ff9       data     extern C:\MCC18\src\traditional\proc\p18F14K50.asm
                   PCLATH   0x000ffa       data     extern C:\MCC18\src\traditional\proc\p18F14K50.asm
                   PCLATU   0x000ffb       data     extern C:\MCC18\src\traditional\proc\p18F14K50.asm
                     PIE1   0x000f9d       data     extern C:\MCC18\src\traditional\proc\p18F14K50.asm
                 PIE1bits   0x000f9d       data     extern C:\MCC18\src\traditional\proc\p18F14K50.asm
                     PIE2   0x000fa0       data     extern C:\MCC18\src\traditional\proc\p18F14K50.asm
                 PIE2bits   0x000fa0       data     extern C:\MCC18\src\traditional\proc\p18F14K50.asm
                     PIR1   0x000f9e       data     extern C:\MCC18\src\traditional\proc\p18F14K50.asm
                 PIR1bits   0x000f9e       data     extern C:\MCC18\src\traditional\proc\p18F14K50.asm
                     PIR2   0x000fa1       data     extern C:\MCC18\src\traditional\proc\p18F14K50.asm
                 PIR2bits   0x000fa1       data     extern C:\MCC18\src\traditional\proc\p18F14K50.asm
                   PLUSW0   0x000feb       data     extern C:\MCC18\src\traditional\proc\p18F14K50.asm
                   PLUSW1   0x000fe3       data     extern C:\MCC18\src\traditional\proc\p18F14K50.asm
                   PLUSW2   0x000fdb       data     extern C:\MCC18\src\traditional\proc\p18F14K50.asm
                    PORTA   0x000f80       data     extern C:\MCC18\src\traditional\proc\p18F14K50.asm
                PORTAbits   0x000f80       data     extern C:\MCC18\src\traditional\proc\p18F14K50.asm
                    PORTB   0x000f81       data     extern C:\MCC18\src\traditional\proc\p18F14K50.asm
                PORTBbits   0x000f81       data     extern C:\MCC18\src\traditional\proc\p18F14K50.asm
                    PORTC   0x000f82       data     extern C:\MCC18\src\traditional\proc\p18F14K50.asm
                PORTCbits   0x000f82       data     extern C:\MCC18\src\traditional\proc\p18F14K50.asm
                 POSTDEC0   0x000fed       data     extern C:\MCC18\src\traditional\proc\p18F14K50.asm
                 POSTDEC1   0x000fe5       data     extern C:\MCC18\src\traditional\proc\p18F14K50.asm
                 POSTDEC2   0x000fdd       data     extern C:\MCC18\src\traditional\proc\p18F14K50.asm
                 POSTINC0   0x000fee       data     extern C:\MCC18\src\traditional\proc\p18F14K50.asm
                 POSTINC1   0x000fe6       data     extern C:\MCC18\src\traditional\proc\p18F14K50.asm
                 POSTINC2   0x000fde       data     extern C:\MCC18\src\traditional\proc\p18F14K50.asm
                      PR2   0x000fcb       data     extern C:\MCC18\src\traditional\proc\p18F14K50.asm
                  PREINC0   0x000fec       data     extern C:\MCC18\src\traditional\proc\p18F14K50.asm
                  PREINC1   0x000fe4       data     extern C:\MCC18\src\traditional\proc\p18F14K50.asm
                  PREINC2   0x000fdc       data     extern C:\MCC18\src\traditional\proc\p18F14K50.asm
                     PROD   0x000ff3       data     extern C:\MCC18\src\traditional\proc\p18F14K50.asm
                    PRODH   0x000ff4       data     extern C:\MCC18\src\traditional\proc\p18F14K50.asm
                    PRODL   0x000ff3       data     extern C:\MCC18\src\traditional\proc\p18F14K50.asm
                  PSTRCON   0x000fb9       data     extern C:\MCC18\src\traditional\proc\p18F14K50.asm
              PSTRCONbits   0x000fb9       data     extern C:\MCC18\src\traditional\proc\p18F14K50.asm
                  PWM1CON   0x000fb7       data     extern C:\MCC18\src\traditional\proc\p18F14K50.asm
              PWM1CONbits   0x000fb7       data     extern C:\MCC18\src\traditional\proc\p18F14K50.asm
                     RCON   0x000fd0       data     extern C:\MCC18\src\traditional\proc\p18F14K50.asm
                 RCONbits   0x000fd0       data     extern C:\MCC18\src\traditional\proc\p18F14K50.asm
                    RCREG   0x000fae       data     extern C:\MCC18\src\traditional\proc\p18F14K50.asm
                    RCSTA   0x000fab       data     extern C:\MCC18\src\traditional\proc\p18F14K50.asm
                RCSTAbits   0x000fab       data     extern C:\MCC18\src\traditional\proc\p18F14K50.asm
                  REFCON0   0x000fba       data     extern C:\MCC18\src\traditional\proc\p18F14K50.asm
              REFCON0bits   0x000fba       data     extern C:\MCC18\src\traditional\proc\p18F14K50.asm
                  REFCON1   0x000fbb       data     extern C:\MCC18\src\traditional\proc\p18F14K50.asm
              REFCON1bits   0x000fbb       data     extern C:\MCC18\src\traditional\proc\p18F14K50.asm
                  REFCON2   0x000fbc       data     extern C:\MCC18\src\traditional\proc\p18F14K50.asm
              REFCON2bits   0x000fbc       data     extern C:\MCC18\src\traditional\proc\p18F14K50.asm
             RemoteWakeup   0x00007f       data     extern C:\Microchip Solutions v2010-08-04\Microchip\USB\usb_device.c
                     SIGN   0x00000e       data     extern C:\MCC18\src\traditional\math\cmath18.asm
                   SLRCON   0x000f76       data     extern C:\MCC18\src\traditional\proc\p18F14K50.asm
               SLRCONbits   0x000f76       data     extern C:\MCC18\src\traditional\proc\p18F14K50.asm
                    SPBRG   0x000faf       data     extern C:\MCC18\src\traditional\proc\p18F14K50.asm
                   SPBRGH   0x000fb0       data     extern C:\MCC18\src\traditional\proc\p18F14K50.asm
                   SRCON0   0x000f68       data     extern C:\MCC18\src\traditional\proc\p18F14K50.asm
               SRCON0bits   0x000f68       data     extern C:\MCC18\src\traditional\proc\p18F14K50.asm
                   SRCON1   0x000f69       data     extern C:\MCC18\src\traditional\proc\p18F14K50.asm
               SRCON1bits   0x000f69       data     extern C:\MCC18\src\traditional\proc\p18F14K50.asm
                   SSPADD   0x000fc8       data     extern C:\MCC18\src\traditional\proc\p18F14K50.asm
                   SSPBUF   0x000fc9       data     extern C:\MCC18\src\traditional\proc\p18F14K50.asm
                  SSPCON1   0x000fc6       data     extern C:\MCC18\src\traditional\proc\p18F14K50.asm
              SSPCON1bits   0x000fc6       data     extern C:\MCC18\src\traditional\proc\p18F14K50.asm
                  SSPCON2   0x000fc5       data     extern C:\MCC18\src\traditional\proc\p18F14K50.asm
              SSPCON2bits   0x000fc5       data     extern C:\MCC18\src\traditional\proc\p18F14K50.asm
                   SSPMSK   0x000f6f       data     extern C:\MCC18\src\traditional\proc\p18F14K50.asm
               SSPMSKbits   0x000f6f       data     extern C:\MCC18\src\traditional\proc\p18F14K50.asm
                  SSPSTAT   0x000fc7       data     extern C:\MCC18\src\traditional\proc\p18F14K50.asm
              SSPSTATbits   0x000fc7       data     extern C:\MCC18\src\traditional\proc\p18F14K50.asm
                   STATUS   0x000fd8       data     extern C:\MCC18\src\traditional\proc\p18F14K50.asm
               STATUSbits   0x000fd8       data     extern C:\MCC18\src\traditional\proc\p18F14K50.asm
                   STKPTR   0x000ffc       data     extern C:\MCC18\src\traditional\proc\p18F14K50.asm
               STKPTRbits   0x000ffc       data     extern C:\MCC18\src\traditional\proc\p18F14K50.asm
                 SetupPkt   0x000220       data     extern C:\Microchip Solutions v2010-08-04\Microchip\USB\usb_device.c
                    T0CON   0x000fd5       data     extern C:\MCC18\src\traditional\proc\p18F14K50.asm
                T0CONbits   0x000fd5       data     extern C:\MCC18\src\traditional\proc\p18F14K50.asm
                    T1CON   0x000fcd       data     extern C:\MCC18\src\traditional\proc\p18F14K50.asm
                T1CONbits   0x000fcd       data     extern C:\MCC18\src\traditional\proc\p18F14K50.asm
                    T2CON   0x000fca       data     extern C:\MCC18\src\traditional\proc\p18F14K50.asm
                T2CONbits   0x000fca       data     extern C:\MCC18\src\traditional\proc\p18F14K50.asm
                    T3CON   0x000fb1       data     extern C:\MCC18\src\traditional\proc\p18F14K50.asm
                T3CONbits   0x000fb1       data     extern C:\MCC18\src\traditional\proc\p18F14K50.asm
                   TABLAT   0x000ff5       data     extern C:\MCC18\src\traditional\proc\p18F14K50.asm
                   TBLPTR   0x000ff6       data     extern C:\MCC18\src\traditional\proc\p18F14K50.asm
                  TBLPTRH   0x000ff7       data     extern C:\MCC18\src\traditional\proc\p18F14K50.asm
                  TBLPTRL   0x000ff6       data     extern C:\MCC18\src\traditional\proc\p18F14K50.asm
                  TBLPTRU   0x000ff8       data     extern C:\MCC18\src\traditional\proc\p18F14K50.asm
                    TMR0H   0x000fd7       data     extern C:\MCC18\src\traditional\proc\p18F14K50.asm
                    TMR0L   0x000fd6       data     extern C:\MCC18\src\traditional\proc\p18F14K50.asm
                    TMR1H   0x000fcf       data     extern C:\MCC18\src\traditional\proc\p18F14K50.asm
                    TMR1L   0x000fce       data     extern C:\MCC18\src\traditional\proc\p18F14K50.asm
                     TMR2   0x000fcc       data     extern C:\MCC18\src\traditional\proc\p18F14K50.asm
                    TMR3H   0x000fb3       data     extern C:\MCC18\src\traditional\proc\p18F14K50.asm
                    TMR3L   0x000fb2       data     extern C:\MCC18\src\traditional\proc\p18F14K50.asm
                      TOS   0x000ffd       data     extern C:\MCC18\src\traditional\proc\p18F14K50.asm
                     TOSH   0x000ffe       data     extern C:\MCC18\src\traditional\proc\p18F14K50.asm
                     TOSL   0x000ffd       data     extern C:\MCC18\src\traditional\proc\p18F14K50.asm
                     TOSU   0x000fff       data     extern C:\MCC18\src\traditional\proc\p18F14K50.asm
                    TRISA   0x000f92       data     extern C:\MCC18\src\traditional\proc\p18F14K50.asm
                TRISAbits   0x000f92       data     extern C:\MCC18\src\traditional\proc\p18F14K50.asm
                    TRISB   0x000f93       data     extern C:\MCC18\src\traditional\proc\p18F14K50.asm
                TRISBbits   0x000f93       data     extern C:\MCC18\src\traditional\proc\p18F14K50.asm
                    TRISC   0x000f94       data     extern C:\MCC18\src\traditional\proc\p18F14K50.asm
                TRISCbits   0x000f94       data     extern C:\MCC18\src\traditional\proc\p18F14K50.asm
                    TXREG   0x000fad       data     extern C:\MCC18\src\traditional\proc\p18F14K50.asm
                    TXSTA   0x000fac       data     extern C:\MCC18\src\traditional\proc\p18F14K50.asm
                TXSTAbits   0x000fac       data     extern C:\MCC18\src\traditional\proc\p18F14K50.asm
                    UADDR   0x000f5c       data     extern C:\MCC18\src\traditional\proc\p18F14K50.asm
                UADDRbits   0x000f5c       data     extern C:\MCC18\src\traditional\proc\p18F14K50.asm
                     UCFG   0x000f61       data     extern C:\MCC18\src\traditional\proc\p18F14K50.asm
                 UCFGbits   0x000f61       data     extern C:\MCC18\src\traditional\proc\p18F14K50.asm
                     UCON   0x000f64       data     extern C:\MCC18\src\traditional\proc\p18F14K50.asm
                 UCONbits   0x000f64       data     extern C:\MCC18\src\traditional\proc\p18F14K50.asm
                     UEIE   0x000f5b       data     extern C:\MCC18\src\traditional\proc\p18F14K50.asm
                 UEIEbits   0x000f5b       data     extern C:\MCC18\src\traditional\proc\p18F14K50.asm
                     UEIR   0x000f5f       data     extern C:\MCC18\src\traditional\proc\p18F14K50.asm
                 UEIRbits   0x000f5f       data     extern C:\MCC18\src\traditional\proc\p18F14K50.asm
                     UEP0   0x000f53       data     extern C:\MCC18\src\traditional\proc\p18F14K50.asm
                 UEP0bits   0x000f53       data     extern C:\MCC18\src\traditional\proc\p18F14K50.asm
                     UEP1   0x000f54       data     extern C:\MCC18\src\traditional\proc\p18F14K50.asm
                 UEP1bits   0x000f54       data     extern C:\MCC18\src\traditional\proc\p18F14K50.asm
                     UEP2   0x000f55       data     extern C:\MCC18\src\traditional\proc\p18F14K50.asm
                 UEP2bits   0x000f55       data     extern C:\MCC18\src\traditional\proc\p18F14K50.asm
                     UEP3   0x000f56       data     extern C:\MCC18\src\traditional\proc\p18F14K50.asm
                 UEP3bits   0x000f56       data     extern C:\MCC18\src\traditional\proc\p18F14K50.asm
                     UEP4   0x000f57       data     extern C:\MCC18\src\traditional\proc\p18F14K50.asm
                 UEP4bits   0x000f57       data     extern C:\MCC18\src\traditional\proc\p18F14K50.asm
                     UEP5   0x000f58       data     extern C:\MCC18\src\traditional\proc\p18F14K50.asm
                 UEP5bits   0x000f58       data     extern C:\MCC18\src\traditional\proc\p18F14K50.asm
                     UEP6   0x000f59       data     extern C:\MCC18\src\traditional\proc\p18F14K50.asm
                 UEP6bits   0x000f59       data     extern C:\MCC18\src\traditional\proc\p18F14K50.asm
                     UEP7   0x000f5a       data     extern C:\MCC18\src\traditional\proc\p18F14K50.asm
                 UEP7bits   0x000f5a       data     extern C:\MCC18\src\traditional\proc\p18F14K50.asm
                    UFRMH   0x000f5e       data     extern C:\MCC18\src\traditional\proc\p18F14K50.asm
                UFRMHbits   0x000f5e       data     extern C:\MCC18\src\traditional\proc\p18F14K50.asm
                    UFRML   0x000f5d       data     extern C:\MCC18\src\traditional\proc\p18F14K50.asm
                UFRMLbits   0x000f5d       data     extern C:\MCC18\src\traditional\proc\p18F14K50.asm
                      UIE   0x000f60       data     extern C:\MCC18\src\traditional\proc\p18F14K50.asm
                  UIEbits   0x000f60       data     extern C:\MCC18\src\traditional\proc\p18F14K50.asm
                      UIR   0x000f62       data     extern C:\MCC18\src\traditional\proc\p18F14K50.asm
                  UIRbits   0x000f62       data     extern C:\MCC18\src\traditional\proc\p18F14K50.asm
   USBActiveConfiguration   0x000061       data     extern C:\Microchip Solutions v2010-08-04\Microchip\USB\usb_device.c
    USBAlternateInterface   0x000062       data     extern C:\Microchip Solutions v2010-08-04\Microchip\USB\usb_device.c
           USBDeviceState   0x000060       data     extern C:\Microchip Solutions v2010-08-04\Microchip\USB\usb_device.c
                USBInData   0x000084       data     extern C:\Microchip Solutions v2010-08-04\Microchip\USB\usb_device.c
       USBInMaxPacketSize   0x000082       data     extern C:\Microchip Solutions v2010-08-04\Microchip\USB\usb_device.c
                    USTAT   0x000f63       data     extern C:\MCC18\src\traditional\proc\p18F14K50.asm
                USTATbits   0x000f63       data     extern C:\MCC18\src\traditional\proc\p18F14K50.asm
                USTATcopy   0x000080       data     extern C:\Microchip Solutions v2010-08-04\Microchip\USB\usb_device.c
                 VREFCON0   0x000fba       data     extern C:\MCC18\src\traditional\proc\p18F14K50.asm
             VREFCON0bits   0x000fba       data     extern C:\MCC18\src\traditional\proc\p18F14K50.asm
                 VREFCON1   0x000fbb       data     extern C:\MCC18\src\traditional\proc\p18F14K50.asm
             VREFCON1bits   0x000fbb       data     extern C:\MCC18\src\traditional\proc\p18F14K50.asm
                 VREFCON2   0x000fbc       data     extern C:\MCC18\src\traditional\proc\p18F14K50.asm
             VREFCON2bits   0x000fbc       data     extern C:\MCC18\src\traditional\proc\p18F14K50.asm
                        W   0x000fe8       data     extern C:\MCC18\src\traditional\proc\p18F14K50.asm
                   WDTCON   0x000fd1       data     extern C:\MCC18\src\traditional\proc\p18F14K50.asm
               WDTCONbits   0x000fd1       data     extern C:\MCC18\src\traditional\proc\p18F14K50.asm
                     WPUA   0x000f77       data     extern C:\MCC18\src\traditional\proc\p18F14K50.asm
                 WPUAbits   0x000f77       data     extern C:\MCC18\src\traditional\proc\p18F14K50.asm
                     WPUB   0x000f78       data     extern C:\MCC18\src\traditional\proc\p18F14K50.asm
                 WPUBbits   0x000f78       data     extern C:\MCC18\src\traditional\proc\p18F14K50.asm
                     WREG   0x000fe8       data     extern C:\MCC18\src\traditional\proc\p18F14K50.asm
                 __AARGB0   0x000007       data     extern C:\MCC18\src\traditional\math\aarg.asm
                 __AARGB1   0x000006       data     extern C:\MCC18\src\traditional\math\aarg.asm
                 __AARGB2   0x000005       data     extern C:\MCC18\src\traditional\math\aarg.asm
                 __AARGB3   0x000004       data     extern C:\MCC18\src\traditional\math\aarg.asm
                 __AARGB4   0x000003       data     extern C:\MCC18\src\traditional\math\aarg.asm
                 __AARGB5   0x000002       data     extern C:\MCC18\src\traditional\math\aarg.asm
                 __AARGB6   0x000001       data     extern C:\MCC18\src\traditional\math\aarg.asm
                 __AARGB7   0x000000       data     extern C:\MCC18\src\traditional\math\aarg.asm
                   __AEXP   0x000008       data     extern C:\MCC18\src\traditional\math\aarg.asm
                 __BARGB0   0x00000c       data     extern C:\MCC18\src\traditional\math\barg.asm
                 __BARGB1   0x00000b       data     extern C:\MCC18\src\traditional\math\barg.asm
                 __BARGB2   0x00000a       data     extern C:\MCC18\src\traditional\math\barg.asm
                 __BARGB3   0x000009       data     extern C:\MCC18\src\traditional\math\barg.asm
                   __BEXP   0x00000d       data     extern C:\MCC18\src\traditional\math\barg.asm
                __FPFLAGS   0x00000f       data     extern C:\MCC18\src\traditional\math\cmath18.asm
            __FPFLAGSbits   0x00000f       data     extern C:\MCC18\src\traditional\math\cmath18.asm
                  __REMB0   0x000003       data     extern C:\MCC18\src\traditional\math\aarg.asm
                  __REMB1   0x000002       data     extern C:\MCC18\src\traditional\math\aarg.asm
                  __REMB2   0x000001       data     extern C:\MCC18\src\traditional\math\aarg.asm
                  __REMB3   0x000000       data     extern C:\MCC18\src\traditional\math\aarg.asm
                  __tmp_0   0x000019       data     static C:\xesscorp\PRODUCTS\XuDL\firmware\XuDL_user\user.c
                  __tmp_0   0x000019       data     static C:\Microchip Solutions v2010-08-04\Microchip\USB\usb_device.c
                  __tmp_0   0x000019       data     static C:\xesscorp\PRODUCTS\XuDL\firmware\XuDL_user\utils.c
                  __tmp_0   0x000019       data     static C:\xesscorp\PRODUCTS\XuDL\firmware\XuDL_user\sdcard.c
            blink_counter   0x0000b1       data     extern C:\xesscorp\PRODUCTS\XuDL\firmware\XuDL_user\blinker.c
             blink_scaler   0x0000b2       data     extern C:\xesscorp\PRODUCTS\XuDL\firmware\XuDL_user\blinker.c
              buffer_cntr   0x000014       data     static C:\xesscorp\PRODUCTS\XuDL\firmware\XuDL_user\user.c
     controlTransferState   0x000070       data     extern C:\Microchip Solutions v2010-08-04\Microchip\USB\usb_device.c
        currSdBlockStatus   0x0000a4       data     extern C:\xesscorp\PRODUCTS\XuDL\firmware\XuDL_user\sdcard.c
                curr_byte   0x000094       data     static C:\MCC18\src\traditional\startup\c018i.c
               curr_entry   0x000096       data     static C:\MCC18\src\traditional\startup\c018i.c
                 data_ptr   0x000098       data     static C:\MCC18\src\traditional\startup\c018i.c
              delay_count   0x0000af       data     static C:\xesscorp\PRODUCTS\XuDL\firmware\XuDL_user\main.c
                eraseSize   0x0000a3       data     extern C:\xesscorp\PRODUCTS\XuDL\firmware\XuDL_user\sdcard.c
                  inPipes   0x000071       data     extern C:\Microchip Solutions v2010-08-04\Microchip\USB\usb_device.c
                    lcntr   0x000010       data     static C:\xesscorp\PRODUCTS\XuDL\firmware\XuDL_user\user.c
                numBlocks   0x00009b       data     extern C:\xesscorp\PRODUCTS\XuDL\firmware\XuDL_user\sdcard.c
                 outPipes   0x000076       data     extern C:\Microchip Solutions v2010-08-04\Microchip\USB\usb_device.c
   pBDTEntryEP0OutCurrent   0x000063       data     extern C:\Microchip Solutions v2010-08-04\Microchip\USB\usb_device.c
      pBDTEntryEP0OutNext   0x000065       data     extern C:\Microchip Solutions v2010-08-04\Microchip\USB\usb_device.c
              pBDTEntryIn   0x00006b       data     extern C:\Microchip Solutions v2010-08-04\Microchip\USB\usb_device.c
             pBDTEntryOut   0x000067       data     extern C:\Microchip Solutions v2010-08-04\Microchip\USB\usb_device.c
                     pDst   0x00007d       data     extern C:\Microchip Solutions v2010-08-04\Microchip\USB\usb_device.c
                     prom   0x000091       data     static C:\MCC18\src\traditional\startup\c018i.c
              rdBlockSize   0x0000a1       data     extern C:\xesscorp\PRODUCTS\XuDL\firmware\XuDL_user\sdcard.c
                save_FSR0   0x000015       data     static C:\xesscorp\PRODUCTS\XuDL\firmware\XuDL_user\user.c
                save_FSR1   0x000017       data     static C:\xesscorp\PRODUCTS\XuDL\firmware\XuDL_user\user.c
        shortPacketStatus   0x00006f       data     extern C:\Microchip Solutions v2010-08-04\Microchip\USB\usb_device.c
              wrBlockSize   0x00009f       data     extern C:\xesscorp\PRODUCTS\XuDL\firmware\XuDL_user\sdcard.c



                              Symbols - Sorted by Address
                     Name    Address   Location    Storage File                     
                ---------  ---------  ---------  --------- ---------                
                   _entry   0x000000    program     extern C:\MCC18\src\traditional\startup\c018i.c
       ___return_lbl00000   0x000004    program     static                          
                   _reset   0x000800    program     extern C:\xesscorp\PRODUCTS\XuDL\firmware\XuDL_user\main.c
       ___return_lbl00000   0x000804    program     static                          
        Remapped_High_ISR   0x000808    program     extern C:\xesscorp\PRODUCTS\XuDL\firmware\XuDL_user\main.c
       ___return_lbl00002   0x00080c    program     static                          
         Remapped_Low_ISR   0x000818    program     extern C:\xesscorp\PRODUCTS\XuDL\firmware\XuDL_user\main.c
       ___return_lbl00004   0x00081c    program     static                          
            USBDeviceInit   0x000844    program     extern C:\Microchip Solutions v2010-08-04\Microchip\USB\usb_device.c
           USBDeviceTasks   0x000920    program     extern C:\Microchip Solutions v2010-08-04\Microchip\USB\usb_device.c
          USBStallHandler   0x000a6e    program     extern C:\Microchip Solutions v2010-08-04\Microchip\USB\usb_device.c
               USBSuspend   0x000aa2    program     extern C:\Microchip Solutions v2010-08-04\Microchip\USB\usb_device.c
       USBWakeFromSuspend   0x000ac6    program     extern C:\Microchip Solutions v2010-08-04\Microchip\USB\usb_device.c
         USBCtrlEPService   0x000af0    program     extern C:\Microchip Solutions v2010-08-04\Microchip\USB\usb_device.c
   USBCtrlTrfSetupHandler   0x000bca    program     extern C:\Microchip Solutions v2010-08-04\Microchip\USB\usb_device.c
     USBCtrlTrfOutHandler   0x000c10    program     extern C:\Microchip Solutions v2010-08-04\Microchip\USB\usb_device.c
      USBCtrlTrfInHandler   0x000c5c    program     extern C:\Microchip Solutions v2010-08-04\Microchip\USB\usb_device.c
USBPrepareForNextSetupTrf   0x000cfc    program     extern C:\Microchip Solutions v2010-08-04\Microchip\USB\usb_device.c
       USBCheckStdRequest   0x000d62    program     extern C:\Microchip Solutions v2010-08-04\Microchip\USB\usb_device.c
  USBStdFeatureReqHandler   0x000e2a    program     extern C:\Microchip Solutions v2010-08-04\Microchip\USB\usb_device.c
      USBStdGetDscHandler   0x000f42    program     extern C:\Microchip Solutions v2010-08-04\Microchip\USB\usb_device.c
   USBStdGetStatusHandler   0x001002    program     extern C:\Microchip Solutions v2010-08-04\Microchip\USB\usb_device.c
 USBCtrlEPServiceComplete   0x0010c4    program     extern C:\Microchip Solutions v2010-08-04\Microchip\USB\usb_device.c
      USBCtrlTrfTxService   0x00126e    program     extern C:\Microchip Solutions v2010-08-04\Microchip\USB\usb_device.c
      USBCtrlTrfRxService   0x001384    program     extern C:\Microchip Solutions v2010-08-04\Microchip\USB\usb_device.c
      USBStdSetCfgHandler   0x0014be    program     extern C:\Microchip Solutions v2010-08-04\Microchip\USB\usb_device.c
     USBConfigureEndpoint   0x001592    program     extern C:\Microchip Solutions v2010-08-04\Microchip\USB\usb_device.c
        USBEnableEndpoint   0x001666    program     extern C:\Microchip Solutions v2010-08-04\Microchip\USB\usb_device.c
         USBStallEndpoint   0x0016d2    program     extern C:\Microchip Solutions v2010-08-04\Microchip\USB\usb_device.c
     USBTransferOnePacket   0x0017b2    program     extern C:\Microchip Solutions v2010-08-04\Microchip\USB\usb_device.c
              USBCancelIO   0x0018b8    program     extern C:\Microchip Solutions v2010-08-04\Microchip\USB\usb_device.c
          USBDeviceDetach   0x001968    program     extern C:\Microchip Solutions v2010-08-04\Microchip\USB\usb_device.c
          USBDeviceAttach   0x001974    program     extern C:\Microchip Solutions v2010-08-04\Microchip\USB\usb_device.c
                SendSdCmd   0x0019a4    program     extern C:\xesscorp\PRODUCTS\XuDL\firmware\XuDL_user\sdcard.c
          PrepSdForDataIo   0x001a86    program     extern C:\xesscorp\PRODUCTS\XuDL\firmware\XuDL_user\sdcard.c
          GetSdParameters   0x001b32    program     extern C:\xesscorp\PRODUCTS\XuDL\firmware\XuDL_user\sdcard.c
                   InitSd   0x001d12    program     extern C:\xesscorp\PRODUCTS\XuDL\firmware\XuDL_user\sdcard.c
                   OpenSd   0x001dfe    program     extern C:\xesscorp\PRODUCTS\XuDL\firmware\XuDL_user\sdcard.c
                  WriteSd   0x001f54    program     extern C:\xesscorp\PRODUCTS\XuDL\firmware\XuDL_user\sdcard.c
                   ReadSd   0x001f64    program     extern C:\xesscorp\PRODUCTS\XuDL\firmware\XuDL_user\sdcard.c
                  CloseSd   0x001f74    program     extern C:\xesscorp\PRODUCTS\XuDL\firmware\XuDL_user\sdcard.c
               ReadEeprom   0x001f82    program     extern C:\xesscorp\PRODUCTS\XuDL\firmware\XuDL_user\user.c
              WriteEeprom   0x001fa0    program     extern C:\xesscorp\PRODUCTS\XuDL\firmware\XuDL_user\user.c
                 UserInit   0x001fce    program     extern C:\xesscorp\PRODUCTS\XuDL\firmware\XuDL_user\user.c
              USBCBInitEP   0x002006    program     extern C:\xesscorp\PRODUCTS\XuDL\firmware\XuDL_user\user.c
                ProcessIO   0x002076    program     extern C:\xesscorp\PRODUCTS\XuDL\firmware\XuDL_user\user.c
          ServiceRequests   0x002098    program     extern C:\xesscorp\PRODUCTS\XuDL\firmware\XuDL_user\user.c
           ___?:_lbl00011   0x0020c4    program     static                          
           ___?:_lbl00010   0x0020ea    program     static                          
      ___case_49_lbl00013   0x002166    program     static                          
      ___case_64_lbl00014   0x002180    program     static                          
       ___case_4_lbl00015   0x00223e    program     static                          
          ___for_lbl00018   0x00225a    program     static                          
          ___for_lbl00016   0x0022b2    program     static                          
          ___for_lbl00017   0x0022b6    program     static                          
       ___case_5_lbl00019   0x0022be    program     static                          
          ___for_lbl00022   0x0022da    program     static                          
          ___for_lbl00020   0x002330    program     static                          
          ___for_lbl00021   0x002334    program     static                          
     ___case_255_lbl00023   0x00233a    program     static                          
          ___for_lbl00026   0x00234c    program     static                          
          ___for_lbl00024   0x002356    program     static                          
          ___for_lbl00025   0x002362    program     static                          
      ___default_lbl00027   0x002366    program     static                          
   ___switchexit_lbl00012   0x00236a    program     static                          
        ___while_lbl00028   0x002416    program     static                          
           ___?:_lbl00031   0x002436    program     static                          
           ___?:_lbl00030   0x00245c    program     static                          
        ___while_lbl00029   0x002462    program     static                          
           ___if_lbl00033   0x00247c    program     static                          
           ___if_lbl00032   0x00247c    program     static                          
       ___return_lbl00009   0x00247c    program     static                          
  YourHighPriorityISRCode   0x002490    program     extern C:\xesscorp\PRODUCTS\XuDL\firmware\XuDL_user\main.c
   YourLowPriorityISRCode   0x002526    program     extern C:\xesscorp\PRODUCTS\XuDL\firmware\XuDL_user\main.c
                     main   0x0025d0    program     extern C:\xesscorp\PRODUCTS\XuDL\firmware\XuDL_user\main.c
         InitializeSystem   0x0025de    program     static C:\xesscorp\PRODUCTS\XuDL\firmware\XuDL_user\main.c
             USBCBSuspend   0x0025e6    program     extern C:\xesscorp\PRODUCTS\XuDL\firmware\XuDL_user\main.c
     USBCBWakeFromSuspend   0x0025e8    program     extern C:\xesscorp\PRODUCTS\XuDL\firmware\XuDL_user\main.c
        USBCB_SOF_Handler   0x0025ea    program     extern C:\xesscorp\PRODUCTS\XuDL\firmware\XuDL_user\main.c
        USBCBErrorHandler   0x0025ec    program     extern C:\xesscorp\PRODUCTS\XuDL\firmware\XuDL_user\main.c
       USBCBCheckOtherReq   0x0025ee    program     extern C:\xesscorp\PRODUCTS\XuDL\firmware\XuDL_user\main.c
    USBCBStdSetDscHandler   0x0025f0    program     extern C:\xesscorp\PRODUCTS\XuDL\firmware\XuDL_user\main.c
          USBCBSendResume   0x0025f2    program     extern C:\xesscorp\PRODUCTS\XuDL\firmware\XuDL_user\main.c
USER_USB_CALLBACK_EVENT_HANDLER   0x00260e    program     extern C:\xesscorp\PRODUCTS\XuDL\firmware\XuDL_user\main.c
               __tmplbl_0   0x00262a    program     static                          
               __tmplbl_1   0x002636    program     static                          
               __tmplbl_2   0x002640    program     static                          
               __tmplbl_3   0x00264a    program     static                          
               __tmplbl_4   0x002654    program     static                          
               __tmplbl_5   0x00265e    program     static                          
               __tmplbl_6   0x002668    program     static                          
               __tmplbl_7   0x002672    program     static                          
       ___case_1_lbl00021   0x002676    program     static                          
       ___case_2_lbl00022   0x00267c    program     static                          
       ___case_3_lbl00023   0x002680    program     static                          
     ___case_115_lbl00024   0x002684    program     static                          
     ___case_117_lbl00025   0x002688    program     static                          
     ___case_116_lbl00026   0x00268c    program     static                          
   ___case_32767_lbl00027   0x002690    program     static                          
     ___case_114_lbl00028   0x002694    program     static                          
      ___default_lbl00029   0x002698    program     static                          
   ___switchexit_lbl00020   0x00269a    program     static                          
       ___return_lbl00019   0x00269e    program     static                          
             insert_delay   0x0026a6    program     extern C:\xesscorp\PRODUCTS\XuDL\firmware\XuDL_user\utils.c
               device_dsc   0x0028a0    program     extern C:\xesscorp\PRODUCTS\XuDL\firmware\XuDL_user\usb_descriptors.c
        configDescriptor1   0x0028b2    program     extern C:\xesscorp\PRODUCTS\XuDL\firmware\XuDL_user\usb_descriptors.c
                    sd000   0x0028d2    program     extern C:\xesscorp\PRODUCTS\XuDL\firmware\XuDL_user\usb_descriptors.c
                    sd001   0x0028d6    program     extern C:\xesscorp\PRODUCTS\XuDL\firmware\XuDL_user\usb_descriptors.c
                    sd002   0x002920    program     extern C:\xesscorp\PRODUCTS\XuDL\firmware\XuDL_user\usb_descriptors.c
               USB_CD_Ptr   0x00295c    program     extern C:\xesscorp\PRODUCTS\XuDL\firmware\XuDL_user\usb_descriptors.c
               USB_SD_Ptr   0x00295e    program     extern C:\xesscorp\PRODUCTS\XuDL\firmware\XuDL_user\usb_descriptors.c
                _do_cinit   0x002964    program     extern C:\MCC18\src\traditional\startup\c018i.c
                     test   0x00297e    program     static                          
                copy_loop   0x0029d6    program     static                          
            copy_one_byte   0x0029dc    program     static                          
             done_copying   0x0029ea    program     static                          
       ___return_lbl00002   0x002a00    program     static                          
                     done   0x002a00    program     static                          
            memcpypgm2ram   0x002a02    program     extern C:\MCC18\src\traditional\stdclib\mcpyp2r.asm
                    jLoop   0x002a28    program     static C:\MCC18\src\traditional\stdclib\mcpyp2r.asm
              _3jContinue   0x002a34    program     static C:\MCC18\src\traditional\stdclib\mcpyp2r.asm
                   _4jEnd   0x002a3e    program     static C:\MCC18\src\traditional\stdclib\mcpyp2r.asm
                     jEnd   0x002a46    program     static C:\MCC18\src\traditional\stdclib\mcpyp2r.asm
                   memset   0x002a48    program     extern C:\MCC18\src\traditional\stdclib\memset.asm
                    jLoop   0x002a5c    program     static C:\MCC18\src\traditional\stdclib\memset.asm
              _2jContinue   0x002a68    program     static C:\MCC18\src\traditional\stdclib\memset.asm
                   _3jEnd   0x002a72    program     static C:\MCC18\src\traditional\stdclib\memset.asm
                     jEnd   0x002a7a    program     static C:\MCC18\src\traditional\stdclib\memset.asm
                  FXM3232   0x002a7c    program     extern C:\MCC18\src\traditional\math\fxm3232.c
       ___return_lbl00000   0x002aea    program     static                          
                  OpenSPI   0x002aec    program     extern C:\MCC18\src\pmc_common\SPI\spi_open.c
              InitBlinker   0x002b54    program     extern C:\xesscorp\PRODUCTS\XuDL\firmware\XuDL_user\blinker.c
                  Blinker   0x002b68    program     extern C:\xesscorp\PRODUCTS\XuDL\firmware\XuDL_user\blinker.c
                 FXD3232U   0x002ba4    program     extern C:\MCC18\src\traditional\math\fxd3232u.c
                     loop   0x002bb2    program     static                          
                   _false   0x002be6    program     static                          
       ___return_lbl00000   0x002bea    program     static                          
                 WriteSPI   0x002bec    program     extern C:\MCC18\src\pmc_common\SPI\spi_writ.c
             Delay10KTCYx   0x002c28    program     extern C:\MCC18\src\traditional\delays\d10ktcyx.asm
                    D10Kx   0x002c32    program     static C:\MCC18\src\traditional\delays\d10ktcyx.asm
                   D10K_1   0x002c34    program     static C:\MCC18\src\traditional\delays\d10ktcyx.asm
       _D10KTCYXCODE_0010   0x002c38    program     static C:\MCC18\src\traditional\delays\d10ktcyx.asm
                    D10Kl   0x002c40    program     static C:\MCC18\src\traditional\delays\d10ktcyx.asm
       _D10KTCYXCODE_001C   0x002c44    program     static C:\MCC18\src\traditional\delays\d10ktcyx.asm
                  ReadSPI   0x002c56    program     extern C:\MCC18\src\pmc_common\SPI\spi_read.c
                 FXD1616U   0x002c84    program     extern C:\MCC18\src\traditional\math\fxd1616u.c
                     loop   0x002c8e    program     static                          
                  endloop   0x002caa    program     static                          
       ___return_lbl00000   0x002cae    program     static                          
              Delay1KTCYx   0x002cb0    program     extern C:\MCC18\src\traditional\delays\d1ktcyx.asm
                     D1Kx   0x002cba    program     static C:\MCC18\src\traditional\delays\d1ktcyx.asm
                    D1K_1   0x002cbc    program     static C:\MCC18\src\traditional\delays\d1ktcyx.asm
        _D1KTCYXCODE_0010   0x002cc0    program     static C:\MCC18\src\traditional\delays\d1ktcyx.asm
        _D1KTCYXCODE_0016   0x002cc6    program     static C:\MCC18\src\traditional\delays\d1ktcyx.asm
            __zero_memory   0x002cd0    program     extern C:\MCC18\src\traditional\proc\p18F14K50.asm
                   loop_h   0x002cde    program     static C:\MCC18\src\traditional\proc\p18F14K50.asm
               zero_block   0x002cde    program     static C:\MCC18\src\traditional\proc\p18F14K50.asm
                compare_l   0x002ce6    program     static C:\MCC18\src\traditional\proc\p18F14K50.asm
                   loop_l   0x002ce8    program     static C:\MCC18\src\traditional\proc\p18F14K50.asm
              device_info   0x002cf0    program     static C:\xesscorp\PRODUCTS\XuDL\firmware\XuDL_user\user.c
                 _startup   0x002d10    program     extern C:\MCC18\src\traditional\startup\c018i.c
                     loop   0x002d20    program     static                          
       ___return_lbl00001   0x002d2a    program     static                          
             Delay100TCYx   0x002d2c    program     extern C:\MCC18\src\traditional\delays\d100tcyx.asm
       _D100TCYXCODE_0008   0x002d34    program     static C:\MCC18\src\traditional\delays\d100tcyx.asm
                    D100x   0x002d38    program     static C:\MCC18\src\traditional\delays\d100tcyx.asm
                   D100_1   0x002d3a    program     static C:\MCC18\src\traditional\delays\d100tcyx.asm
       _D100TCYXCODE_0012   0x002d3e    program     static C:\MCC18\src\traditional\delays\d100tcyx.asm
       _D100TCYXCODE_0018   0x002d44    program     static C:\MCC18\src\traditional\delays\d100tcyx.asm
              Delay10TCYx   0x002d48    program     extern C:\MCC18\src\traditional\delays\d10tcyx.asm
                     D10x   0x002d50    program     static C:\MCC18\src\traditional\delays\d10tcyx.asm
        _D10TCYXCODE_000A   0x002d52    program     static C:\MCC18\src\traditional\delays\d10tcyx.asm
        _D10TCYXCODE_000C   0x002d54    program     static C:\MCC18\src\traditional\delays\d10tcyx.asm
        _D10TCYXCODE_000E   0x002d56    program     static C:\MCC18\src\traditional\delays\d10tcyx.asm
                    D10_1   0x002d58    program     static C:\MCC18\src\traditional\delays\d10tcyx.asm
                   __init   0x002d5e    program     extern C:\MCC18\src\traditional\stdclib\__init.c
               __config_0   0x300000    program     static C:\xesscorp\PRODUCTS\XuDL\firmware\XuDL_user\configbits.c
               __config_1   0x300001    program     static C:\xesscorp\PRODUCTS\XuDL\firmware\XuDL_user\configbits.c
               __config_2   0x300002    program     static C:\xesscorp\PRODUCTS\XuDL\firmware\XuDL_user\configbits.c
               __config_3   0x300003    program     static C:\xesscorp\PRODUCTS\XuDL\firmware\XuDL_user\configbits.c
               __config_4   0x300005    program     static C:\xesscorp\PRODUCTS\XuDL\firmware\XuDL_user\configbits.c
[...]
              CM2CON1bits   0x000f6c       data     extern C:\MCC18\src\traditional\proc\p18F14K50.asm
                  CM1CON0   0x000f6d       data     extern C:\MCC18\src\traditional\proc\p18F14K50.asm
              CM1CON0bits   0x000f6d       data     extern C:\MCC18\src\traditional\proc\p18F14K50.asm
                   SSPMSK   0x000f6f       data     extern C:\MCC18\src\traditional\proc\p18F14K50.asm
               SSPMSKbits   0x000f6f       data     extern C:\MCC18\src\traditional\proc\p18F14K50.asm
               SLRCONbits   0x000f76       data     extern C:\MCC18\src\traditional\proc\p18F14K50.asm
                   SLRCON   0x000f76       data     extern C:\MCC18\src\traditional\proc\p18F14K50.asm
                     WPUA   0x000f77       data     extern C:\MCC18\src\traditional\proc\p18F14K50.asm
                 WPUAbits   0x000f77       data     extern C:\MCC18\src\traditional\proc\p18F14K50.asm
                     WPUB   0x000f78       data     extern C:\MCC18\src\traditional\proc\p18F14K50.asm
                 WPUBbits   0x000f78       data     extern C:\MCC18\src\traditional\proc\p18F14K50.asm
                 IOCAbits   0x000f79       data     extern C:\MCC18\src\traditional\proc\p18F14K50.asm
                     IOCA   0x000f79       data     extern C:\MCC18\src\traditional\proc\p18F14K50.asm
                 IOCBbits   0x000f7a       data     extern C:\MCC18\src\traditional\proc\p18F14K50.asm
                     IOCB   0x000f7a       data     extern C:\MCC18\src\traditional\proc\p18F14K50.asm
                    ANSEL   0x000f7e       data     extern C:\MCC18\src\traditional\proc\p18F14K50.asm
                ANSELbits   0x000f7e       data     extern C:\MCC18\src\traditional\proc\p18F14K50.asm
                   ANSELH   0x000f7f       data     extern C:\MCC18\src\traditional\proc\p18F14K50.asm
               ANSELHbits   0x000f7f       data     extern C:\MCC18\src\traditional\proc\p18F14K50.asm
                    PORTA   0x000f80       data     extern C:\MCC18\src\traditional\proc\p18F14K50.asm
                PORTAbits   0x000f80       data     extern C:\MCC18\src\traditional\proc\p18F14K50.asm
                    PORTB   0x000f81       data     extern C:\MCC18\src\traditional\proc\p18F14K50.asm
                PORTBbits   0x000f81       data     extern C:\MCC18\src\traditional\proc\p18F14K50.asm
                    PORTC   0x000f82       data     extern C:\MCC18\src\traditional\proc\p18F14K50.asm
                PORTCbits   0x000f82       data     extern C:\MCC18\src\traditional\proc\p18F14K50.asm
                     LATA   0x000f89       data     extern C:\MCC18\src\traditional\proc\p18F14K50.asm
                 LATAbits   0x000f89       data     extern C:\MCC18\src\traditional\proc\p18F14K50.asm
                     LATB   0x000f8a       data     extern C:\MCC18\src\traditional\proc\p18F14K50.asm
                 LATBbits   0x000f8a       data     extern C:\MCC18\src\traditional\proc\p18F14K50.asm
                     LATC   0x000f8b       data     extern C:\MCC18\src\traditional\proc\p18F14K50.asm
                 LATCbits   0x000f8b       data     extern C:\MCC18\src\traditional\proc\p18F14K50.asm
                     DDRA   0x000f92       data     extern C:\MCC18\src\traditional\proc\p18F14K50.asm
                 DDRAbits   0x000f92       data     extern C:\MCC18\src\traditional\proc\p18F14K50.asm
                    TRISA   0x000f92       data     extern C:\MCC18\src\traditional\proc\p18F14K50.asm
                TRISAbits   0x000f92       data     extern C:\MCC18\src\traditional\proc\p18F14K50.asm
                     DDRB   0x000f93       data     extern C:\MCC18\src\traditional\proc\p18F14K50.asm
                 DDRBbits   0x000f93       data     extern C:\MCC18\src\traditional\proc\p18F14K50.asm
                TRISBbits   0x000f93       data     extern C:\MCC18\src\traditional\proc\p18F14K50.asm
                    TRISB   0x000f93       data     extern C:\MCC18\src\traditional\proc\p18F14K50.asm
                 DDRCbits   0x000f94       data     extern C:\MCC18\src\traditional\proc\p18F14K50.asm
                     DDRC   0x000f94       data     extern C:\MCC18\src\traditional\proc\p18F14K50.asm
                    TRISC   0x000f94       data     extern C:\MCC18\src\traditional\proc\p18F14K50.asm
                TRISCbits   0x000f94       data     extern C:\MCC18\src\traditional\proc\p18F14K50.asm
              OSCTUNEbits   0x000f9b       data     extern C:\MCC18\src\traditional\proc\p18F14K50.asm
                  OSCTUNE   0x000f9b       data     extern C:\MCC18\src\traditional\proc\p18F14K50.asm
                 PIE1bits   0x000f9d       data     extern C:\MCC18\src\traditional\proc\p18F14K50.asm
                     PIE1   0x000f9d       data     extern C:\MCC18\src\traditional\proc\p18F14K50.asm
                 PIR1bits   0x000f9e       data     extern C:\MCC18\src\traditional\proc\p18F14K50.asm
                     PIR1   0x000f9e       data     extern C:\MCC18\src\traditional\proc\p18F14K50.asm
                     IPR1   0x000f9f       data     extern C:\MCC18\src\traditional\proc\p18F14K50.asm
                 IPR1bits   0x000f9f       data     extern C:\MCC18\src\traditional\proc\p18F14K50.asm
                     PIE2   0x000fa0       data     extern C:\MCC18\src\traditional\proc\p18F14K50.asm
                 PIE2bits   0x000fa0       data     extern C:\MCC18\src\traditional\proc\p18F14K50.asm
                 PIR2bits   0x000fa1       data     extern C:\MCC18\src\traditional\proc\p18F14K50.asm
                     PIR2   0x000fa1       data     extern C:\MCC18\src\traditional\proc\p18F14K50.asm
                     IPR2   0x000fa2       data     extern C:\MCC18\src\traditional\proc\p18F14K50.asm
                 IPR2bits   0x000fa2       data     extern C:\MCC18\src\traditional\proc\p18F14K50.asm
                   EECON1   0x000fa6       data     extern C:\MCC18\src\traditional\proc\p18F14K50.asm
               EECON1bits   0x000fa6       data     extern C:\MCC18\src\traditional\proc\p18F14K50.asm
                   EECON2   0x000fa7       data     extern C:\MCC18\src\traditional\proc\p18F14K50.asm
                   EEDATA   0x000fa8       data     extern C:\MCC18\src\traditional\proc\p18F14K50.asm
                    EEADR   0x000fa9       data     extern C:\MCC18\src\traditional\proc\p18F14K50.asm
                EEADRbits   0x000fa9       data     extern C:\MCC18\src\traditional\proc\p18F14K50.asm
                   EEADRH   0x000faa       data     extern C:\MCC18\src\traditional\proc\p18F14K50.asm
               EEADRHbits   0x000faa       data     extern C:\MCC18\src\traditional\proc\p18F14K50.asm
                RCSTAbits   0x000fab       data     extern C:\MCC18\src\traditional\proc\p18F14K50.asm
                    RCSTA   0x000fab       data     extern C:\MCC18\src\traditional\proc\p18F14K50.asm
                    TXSTA   0x000fac       data     extern C:\MCC18\src\traditional\proc\p18F14K50.asm
                TXSTAbits   0x000fac       data     extern C:\MCC18\src\traditional\proc\p18F14K50.asm
                    TXREG   0x000fad       data     extern C:\MCC18\src\traditional\proc\p18F14K50.asm
                    RCREG   0x000fae       data     extern C:\MCC18\src\traditional\proc\p18F14K50.asm
                    SPBRG   0x000faf       data     extern C:\MCC18\src\traditional\proc\p18F14K50.asm
                   SPBRGH   0x000fb0       data     extern C:\MCC18\src\traditional\proc\p18F14K50.asm
                T3CONbits   0x000fb1       data     extern C:\MCC18\src\traditional\proc\p18F14K50.asm
                    T3CON   0x000fb1       data     extern C:\MCC18\src\traditional\proc\p18F14K50.asm
                    TMR3L   0x000fb2       data     extern C:\MCC18\src\traditional\proc\p18F14K50.asm
                    TMR3H   0x000fb3       data     extern C:\MCC18\src\traditional\proc\p18F14K50.asm
              ECCP1ASbits   0x000fb6       data     extern C:\MCC18\src\traditional\proc\p18F14K50.asm
                  ECCP1AS   0x000fb6       data     extern C:\MCC18\src\traditional\proc\p18F14K50.asm
              PWM1CONbits   0x000fb7       data     extern C:\MCC18\src\traditional\proc\p18F14K50.asm
                  PWM1CON   0x000fb7       data     extern C:\MCC18\src\traditional\proc\p18F14K50.asm
                  BAUDCON   0x000fb8       data     extern C:\MCC18\src\traditional\proc\p18F14K50.asm
              BAUDCONbits   0x000fb8       data     extern C:\MCC18\src\traditional\proc\p18F14K50.asm
                  BAUDCTL   0x000fb8       data     extern C:\MCC18\src\traditional\proc\p18F14K50.asm
              BAUDCTLbits   0x000fb8       data     extern C:\MCC18\src\traditional\proc\p18F14K50.asm
                  PSTRCON   0x000fb9       data     extern C:\MCC18\src\traditional\proc\p18F14K50.asm
              PSTRCONbits   0x000fb9       data     extern C:\MCC18\src\traditional\proc\p18F14K50.asm
              REFCON0bits   0x000fba       data     extern C:\MCC18\src\traditional\proc\p18F14K50.asm
                  REFCON0   0x000fba       data     extern C:\MCC18\src\traditional\proc\p18F14K50.asm
                 VREFCON0   0x000fba       data     extern C:\MCC18\src\traditional\proc\p18F14K50.asm
             VREFCON0bits   0x000fba       data     extern C:\MCC18\src\traditional\proc\p18F14K50.asm
                  REFCON1   0x000fbb       data     extern C:\MCC18\src\traditional\proc\p18F14K50.asm
              REFCON1bits   0x000fbb       data     extern C:\MCC18\src\traditional\proc\p18F14K50.asm
                 VREFCON1   0x000fbb       data     extern C:\MCC18\src\traditional\proc\p18F14K50.asm
             VREFCON1bits   0x000fbb       data     extern C:\MCC18\src\traditional\proc\p18F14K50.asm
                  REFCON2   0x000fbc       data     extern C:\MCC18\src\traditional\proc\p18F14K50.asm
              REFCON2bits   0x000fbc       data     extern C:\MCC18\src\traditional\proc\p18F14K50.asm
                 VREFCON2   0x000fbc       data     extern C:\MCC18\src\traditional\proc\p18F14K50.asm
             VREFCON2bits   0x000fbc       data     extern C:\MCC18\src\traditional\proc\p18F14K50.asm
              CCP1CONbits   0x000fbd       data     extern C:\MCC18\src\traditional\proc\p18F14K50.asm
                  CCP1CON   0x000fbd       data     extern C:\MCC18\src\traditional\proc\p18F14K50.asm
                   CCPR1L   0x000fbe       data     extern C:\MCC18\src\traditional\proc\p18F14K50.asm
                    CCPR1   0x000fbe       data     extern C:\MCC18\src\traditional\proc\p18F14K50.asm
                   CCPR1H   0x000fbf       data     extern C:\MCC18\src\traditional\proc\p18F14K50.asm
               ADCON2bits   0x000fc0       data     extern C:\MCC18\src\traditional\proc\p18F14K50.asm
                   ADCON2   0x000fc0       data     extern C:\MCC18\src\traditional\proc\p18F14K50.asm
               ADCON1bits   0x000fc1       data     extern C:\MCC18\src\traditional\proc\p18F14K50.asm
                   ADCON1   0x000fc1       data     extern C:\MCC18\src\traditional\proc\p18F14K50.asm
               ADCON0bits   0x000fc2       data     extern C:\MCC18\src\traditional\proc\p18F14K50.asm
                   ADCON0   0x000fc2       data     extern C:\MCC18\src\traditional\proc\p18F14K50.asm
                   ADRESL   0x000fc3       data     extern C:\MCC18\src\traditional\proc\p18F14K50.asm
                    ADRES   0x000fc3       data     extern C:\MCC18\src\traditional\proc\p18F14K50.asm
                   ADRESH   0x000fc4       data     extern C:\MCC18\src\traditional\proc\p18F14K50.asm
              SSPCON2bits   0x000fc5       data     extern C:\MCC18\src\traditional\proc\p18F14K50.asm
                  SSPCON2   0x000fc5       data     extern C:\MCC18\src\traditional\proc\p18F14K50.asm
              SSPCON1bits   0x000fc6       data     extern C:\MCC18\src\traditional\proc\p18F14K50.asm
                  SSPCON1   0x000fc6       data     extern C:\MCC18\src\traditional\proc\p18F14K50.asm
              SSPSTATbits   0x000fc7       data     extern C:\MCC18\src\traditional\proc\p18F14K50.asm
                  SSPSTAT   0x000fc7       data     extern C:\MCC18\src\traditional\proc\p18F14K50.asm
                   SSPADD   0x000fc8       data     extern C:\MCC18\src\traditional\proc\p18F14K50.asm
                   SSPBUF   0x000fc9       data     extern C:\MCC18\src\traditional\proc\p18F14K50.asm
                T2CONbits   0x000fca       data     extern C:\MCC18\src\traditional\proc\p18F14K50.asm
                    T2CON   0x000fca       data     extern C:\MCC18\src\traditional\proc\p18F14K50.asm
                      PR2   0x000fcb       data     extern C:\MCC18\src\traditional\proc\p18F14K50.asm
                     TMR2   0x000fcc       data     extern C:\MCC18\src\traditional\proc\p18F14K50.asm
                T1CONbits   0x000fcd       data     extern C:\MCC18\src\traditional\proc\p18F14K50.asm
                    T1CON   0x000fcd       data     extern C:\MCC18\src\traditional\proc\p18F14K50.asm
                    TMR1L   0x000fce       data     extern C:\MCC18\src\traditional\proc\p18F14K50.asm
                    TMR1H   0x000fcf       data     extern C:\MCC18\src\traditional\proc\p18F14K50.asm
                 RCONbits   0x000fd0       data     extern C:\MCC18\src\traditional\proc\p18F14K50.asm
                     RCON   0x000fd0       data     extern C:\MCC18\src\traditional\proc\p18F14K50.asm
               WDTCONbits   0x000fd1       data     extern C:\MCC18\src\traditional\proc\p18F14K50.asm
                   WDTCON   0x000fd1       data     extern C:\MCC18\src\traditional\proc\p18F14K50.asm
                  OSCCON2   0x000fd2       data     extern C:\MCC18\src\traditional\proc\p18F14K50.asm
              OSCCON2bits   0x000fd2       data     extern C:\MCC18\src\traditional\proc\p18F14K50.asm
                   OSCCON   0x000fd3       data     extern C:\MCC18\src\traditional\proc\p18F14K50.asm
               OSCCONbits   0x000fd3       data     extern C:\MCC18\src\traditional\proc\p18F14K50.asm
                    T0CON   0x000fd5       data     extern C:\MCC18\src\traditional\proc\p18F14K50.asm
                T0CONbits   0x000fd5       data     extern C:\MCC18\src\traditional\proc\p18F14K50.asm
                    TMR0L   0x000fd6       data     extern C:\MCC18\src\traditional\proc\p18F14K50.asm
                    TMR0H   0x000fd7       data     extern C:\MCC18\src\traditional\proc\p18F14K50.asm
                   STATUS   0x000fd8       data     extern C:\MCC18\src\traditional\proc\p18F14K50.asm
               STATUSbits   0x000fd8       data     extern C:\MCC18\src\traditional\proc\p18F14K50.asm
                     FSR2   0x000fd9       data     extern C:\MCC18\src\traditional\proc\p18F14K50.asm
                    FSR2L   0x000fd9       data     extern C:\MCC18\src\traditional\proc\p18F14K50.asm
                    FSR2H   0x000fda       data     extern C:\MCC18\src\traditional\proc\p18F14K50.asm
                   PLUSW2   0x000fdb       data     extern C:\MCC18\src\traditional\proc\p18F14K50.asm
                  PREINC2   0x000fdc       data     extern C:\MCC18\src\traditional\proc\p18F14K50.asm
                 POSTDEC2   0x000fdd       data     extern C:\MCC18\src\traditional\proc\p18F14K50.asm
                 POSTINC2   0x000fde       data     extern C:\MCC18\src\traditional\proc\p18F14K50.asm
                    INDF2   0x000fdf       data     extern C:\MCC18\src\traditional\proc\p18F14K50.asm
                      BSR   0x000fe0       data     extern C:\MCC18\src\traditional\proc\p18F14K50.asm
                     FSR1   0x000fe1       data     extern C:\MCC18\src\traditional\proc\p18F14K50.asm
                    FSR1L   0x000fe1       data     extern C:\MCC18\src\traditional\proc\p18F14K50.asm
                    FSR1H   0x000fe2       data     extern C:\MCC18\src\traditional\proc\p18F14K50.asm
                   PLUSW1   0x000fe3       data     extern C:\MCC18\src\traditional\proc\p18F14K50.asm
                  PREINC1   0x000fe4       data     extern C:\MCC18\src\traditional\proc\p18F14K50.asm
                 POSTDEC1   0x000fe5       data     extern C:\MCC18\src\traditional\proc\p18F14K50.asm
                 POSTINC1   0x000fe6       data     extern C:\MCC18\src\traditional\proc\p18F14K50.asm
                    INDF1   0x000fe7       data     extern C:\MCC18\src\traditional\proc\p18F14K50.asm
                        W   0x000fe8       data     extern C:\MCC18\src\traditional\proc\p18F14K50.asm
                     WREG   0x000fe8       data     extern C:\MCC18\src\traditional\proc\p18F14K50.asm
                     FSR0   0x000fe9       data     extern C:\MCC18\src\traditional\proc\p18F14K50.asm
                    FSR0L   0x000fe9       data     extern C:\MCC18\src\traditional\proc\p18F14K50.asm
                    FSR0H   0x000fea       data     extern C:\MCC18\src\traditional\proc\p18F14K50.asm
                   PLUSW0   0x000feb       data     extern C:\MCC18\src\traditional\proc\p18F14K50.asm
                  PREINC0   0x000fec       data     extern C:\MCC18\src\traditional\proc\p18F14K50.asm
                 POSTDEC0   0x000fed       data     extern C:\MCC18\src\traditional\proc\p18F14K50.asm
                 POSTINC0   0x000fee       data     extern C:\MCC18\src\traditional\proc\p18F14K50.asm
                    INDF0   0x000fef       data     extern C:\MCC18\src\traditional\proc\p18F14K50.asm
                  INTCON3   0x000ff0       data     extern C:\MCC18\src\traditional\proc\p18F14K50.asm
              INTCON3bits   0x000ff0       data     extern C:\MCC18\src\traditional\proc\p18F14K50.asm
              INTCON2bits   0x000ff1       data     extern C:\MCC18\src\traditional\proc\p18F14K50.asm
                  INTCON2   0x000ff1       data     extern C:\MCC18\src\traditional\proc\p18F14K50.asm
                   INTCON   0x000ff2       data     extern C:\MCC18\src\traditional\proc\p18F14K50.asm
               INTCONbits   0x000ff2       data     extern C:\MCC18\src\traditional\proc\p18F14K50.asm
                     PROD   0x000ff3       data     extern C:\MCC18\src\traditional\proc\p18F14K50.asm
                    PRODL   0x000ff3       data     extern C:\MCC18\src\traditional\proc\p18F14K50.asm
                    PRODH   0x000ff4       data     extern C:\MCC18\src\traditional\proc\p18F14K50.asm
                   TABLAT   0x000ff5       data     extern C:\MCC18\src\traditional\proc\p18F14K50.asm
                  TBLPTRL   0x000ff6       data     extern C:\MCC18\src\traditional\proc\p18F14K50.asm
                   TBLPTR   0x000ff6       data     extern C:\MCC18\src\traditional\proc\p18F14K50.asm
                  TBLPTRH   0x000ff7       data     extern C:\MCC18\src\traditional\proc\p18F14K50.asm
                  TBLPTRU   0x000ff8       data     extern C:\MCC18\src\traditional\proc\p18F14K50.asm
                      PCL   0x000ff9       data     extern C:\MCC18\src\traditional\proc\p18F14K50.asm
                       PC   0x000ff9       data     extern C:\MCC18\src\traditional\proc\p18F14K50.asm
                   PCLATH   0x000ffa       data     extern C:\MCC18\src\traditional\proc\p18F14K50.asm
                   PCLATU   0x000ffb       data     extern C:\MCC18\src\traditional\proc\p18F14K50.asm
               STKPTRbits   0x000ffc       data     extern C:\MCC18\src\traditional\proc\p18F14K50.asm
                   STKPTR   0x000ffc       data     extern C:\MCC18\src\traditional\proc\p18F14K50.asm
                     TOSL   0x000ffd       data     extern C:\MCC18\src\traditional\proc\p18F14K50.asm
                      TOS   0x000ffd       data     extern C:\MCC18\src\traditional\proc\p18F14K50.asm
                     TOSH   0x000ffe       data     extern C:\MCC18\src\traditional\proc\p18F14K50.asm
                     TOSU   0x000fff       data     extern C:\MCC18\src\traditional\proc\p18F14K50.asm


